Component: ARM Compiler 6.14 Tool: armlink [5db06800]

==============================================================================

Section Cross References

    main.o(.text.mcu_init) refers to stm32f1xx_hal.o(.text.HAL_Init) for HAL_Init
    main.o(.text.mcu_init) refers to main.o(.text.SystemClock_Config) for SystemClock_Config
    main.o(.text.mcu_init) refers to main.o(.text.MX_GPIO_Init) for MX_GPIO_Init
    main.o(.text.mcu_init) refers to main.o(.text.MX_I2C1_Init) for MX_I2C1_Init
    main.o(.text.mcu_init) refers to main.o(.text.MX_IWDG_Init) for MX_IWDG_Init
    main.o(.text.mcu_init) refers to main.o(.text.MX_SDIO_SD_Init) for MX_SDIO_SD_Init
    main.o(.text.mcu_init) refers to main.o(.text.MX_SPI2_Init) for MX_SPI2_Init
    main.o(.text.mcu_init) refers to main.o(.text.MX_USART1_UART_Init) for MX_USART1_UART_Init
    main.o(.text.mcu_init) refers to main.o(.text.MX_USART2_UART_Init) for MX_USART2_UART_Init
    main.o(.text.mcu_init) refers to main.o(.text.MX_USB_PCD_Init) for MX_USB_PCD_Init
    main.o(.text.mcu_init) refers to main.o(.text.MX_RTC_Init) for MX_RTC_Init
    main.o(.ARM.exidx.text.mcu_init) refers to main.o(.text.mcu_init) for [Anonymous Symbol]
    main.o(.text.SystemClock_Config) refers to memseta.o(.text) for __aeabi_memclr4
    main.o(.text.SystemClock_Config) refers to stm32f1xx_hal_rcc.o(.text.HAL_RCC_OscConfig) for HAL_RCC_OscConfig
    main.o(.text.SystemClock_Config) refers to stm32f1xx_hal_rcc.o(.text.HAL_RCC_ClockConfig) for HAL_RCC_ClockConfig
    main.o(.text.SystemClock_Config) refers to stm32f1xx_hal_rcc_ex.o(.text.HAL_RCCEx_PeriphCLKConfig) for HAL_RCCEx_PeriphCLKConfig
    main.o(.ARM.exidx.text.SystemClock_Config) refers to main.o(.text.SystemClock_Config) for [Anonymous Symbol]
    main.o(.text.MX_GPIO_Init) refers to stm32f1xx_hal_gpio.o(.text.HAL_GPIO_WritePin) for HAL_GPIO_WritePin
    main.o(.text.MX_GPIO_Init) refers to stm32f1xx_hal_gpio.o(.text.HAL_GPIO_Init) for HAL_GPIO_Init
    main.o(.ARM.exidx.text.MX_GPIO_Init) refers to main.o(.text.MX_GPIO_Init) for [Anonymous Symbol]
    main.o(.text.MX_I2C1_Init) refers to main.o(.bss.hi2c1) for hi2c1
    main.o(.text.MX_I2C1_Init) refers to stm32f1xx_hal_i2c.o(.text.HAL_I2C_Init) for HAL_I2C_Init
    main.o(.ARM.exidx.text.MX_I2C1_Init) refers to main.o(.text.MX_I2C1_Init) for [Anonymous Symbol]
    main.o(.text.MX_IWDG_Init) refers to main.o(.bss.hiwdg) for hiwdg
    main.o(.text.MX_IWDG_Init) refers to stm32f1xx_hal_iwdg.o(.text.HAL_IWDG_Init) for HAL_IWDG_Init
    main.o(.ARM.exidx.text.MX_IWDG_Init) refers to main.o(.text.MX_IWDG_Init) for [Anonymous Symbol]
    main.o(.text.MX_SDIO_SD_Init) refers to main.o(.bss.hsd) for hsd
    main.o(.text.MX_SDIO_SD_Init) refers to stm32f1xx_hal_sd.o(.text.HAL_SD_Init) for HAL_SD_Init
    main.o(.text.MX_SDIO_SD_Init) refers to stm32f1xx_hal_sd.o(.text.HAL_SD_ConfigWideBusOperation) for HAL_SD_ConfigWideBusOperation
    main.o(.ARM.exidx.text.MX_SDIO_SD_Init) refers to main.o(.text.MX_SDIO_SD_Init) for [Anonymous Symbol]
    main.o(.text.MX_SPI2_Init) refers to main.o(.bss.hspi2) for hspi2
    main.o(.text.MX_SPI2_Init) refers to stm32f1xx_hal_spi.o(.text.HAL_SPI_Init) for HAL_SPI_Init
    main.o(.ARM.exidx.text.MX_SPI2_Init) refers to main.o(.text.MX_SPI2_Init) for [Anonymous Symbol]
    main.o(.text.MX_USART1_UART_Init) refers to main.o(.bss.huart1) for huart1
    main.o(.text.MX_USART1_UART_Init) refers to stm32f1xx_hal_uart.o(.text.HAL_UART_Init) for HAL_UART_Init
    main.o(.ARM.exidx.text.MX_USART1_UART_Init) refers to main.o(.text.MX_USART1_UART_Init) for [Anonymous Symbol]
    main.o(.text.MX_USART2_UART_Init) refers to main.o(.bss.huart2) for huart2
    main.o(.text.MX_USART2_UART_Init) refers to stm32f1xx_hal_uart.o(.text.HAL_UART_Init) for HAL_UART_Init
    main.o(.ARM.exidx.text.MX_USART2_UART_Init) refers to main.o(.text.MX_USART2_UART_Init) for [Anonymous Symbol]
    main.o(.text.MX_USB_PCD_Init) refers to main.o(.bss.hpcd_USB_FS) for hpcd_USB_FS
    main.o(.text.MX_USB_PCD_Init) refers to stm32f1xx_hal_pcd.o(.text.HAL_PCD_Init) for HAL_PCD_Init
    main.o(.ARM.exidx.text.MX_USB_PCD_Init) refers to main.o(.text.MX_USB_PCD_Init) for [Anonymous Symbol]
    main.o(.text.MX_RTC_Init) refers to main.o(.bss.hrtc) for hrtc
    main.o(.text.MX_RTC_Init) refers to stm32f1xx_hal_rtc.o(.text.HAL_RTC_Init) for HAL_RTC_Init
    main.o(.ARM.exidx.text.MX_RTC_Init) refers to main.o(.text.MX_RTC_Init) for [Anonymous Symbol]
    main.o(.ARM.exidx.text.Error_Handler) refers to main.o(.text.Error_Handler) for [Anonymous Symbol]
    stm32f1xx_it.o(.ARM.exidx.text.NMI_Handler) refers to stm32f1xx_it.o(.text.NMI_Handler) for [Anonymous Symbol]
    stm32f1xx_it.o(.ARM.exidx.text.HardFault_Handler) refers to stm32f1xx_it.o(.text.HardFault_Handler) for [Anonymous Symbol]
    stm32f1xx_it.o(.ARM.exidx.text.MemManage_Handler) refers to stm32f1xx_it.o(.text.MemManage_Handler) for [Anonymous Symbol]
[...]
    .text                                    0x08003218   Section        0  uldiv.o(.text)
    .text                                    0x0800327a   Section        0  iusefp.o(.text)
    .text                                    0x0800327a   Section        0  dadd.o(.text)
    .text                                    0x080033c8   Section        0  dmul.o(.text)
    .text                                    0x080034ac   Section        0  ddiv.o(.text)
    .text                                    0x0800358a   Section        0  dfixul.o(.text)
    .text                                    0x080035bc   Section       48  cdrcmple.o(.text)
    .text                                    0x080035ec   Section       36  init.o(.text)
    .text                                    0x08003610   Section        0  semi.o(.text)
    .text                                    0x08003610   Section        0  llshl.o(.text)
    .text                                    0x0800362e   Section        0  llushr.o(.text)
    .text                                    0x0800364e   Section        0  llsshr.o(.text)
    .text                                    0x08003672   Section        0  iusesemip.o(.text)
    .text                                    0x08003672   Section        0  depilogue.o(.text)
    [Anonymous Symbol]                       0x0800372c   Section        0  stm32f1xx_it.o(.text.BusFault_Handler)
    [Anonymous Symbol]                       0x08003730   Section        0  stm32f1xx_it.o(.text.DebugMon_Handler)
    [Anonymous Symbol]                       0x08003734   Section        0  stm32f1xx_hal.o(.text.HAL_Delay)
    [Anonymous Symbol]                       0x0800375c   Section        0  stm32f1xx_hal_gpio.o(.text.HAL_GPIO_Init)
    [Anonymous Symbol]                       0x08003944   Section        0  stm32f1xx_hal_gpio.o(.text.HAL_GPIO_TogglePin)
    [Anonymous Symbol]                       0x08003954   Section        0  stm32f1xx_hal_gpio.o(.text.HAL_GPIO_WritePin)
    [Anonymous Symbol]                       0x08003960   Section        0  stm32f1xx_hal.o(.text.HAL_GetTick)
    [Anonymous Symbol]                       0x0800396c   Section        0  stm32f1xx_hal_i2c.o(.text.HAL_I2C_Init)
    [Anonymous Symbol]                       0x08003afc   Section        0  stm32f1xx_hal_msp.o(.text.HAL_I2C_MspInit)
    [Anonymous Symbol]                       0x08003b64   Section        0  stm32f1xx_hal_iwdg.o(.text.HAL_IWDG_Init)
    [Anonymous Symbol]                       0x08003bbc   Section        0  stm32f1xx_hal_iwdg.o(.text.HAL_IWDG_Refresh)
    [Anonymous Symbol]                       0x08003bc8   Section        0  stm32f1xx_hal.o(.text.HAL_IncTick)
    [Anonymous Symbol]                       0x08003be4   Section        0  stm32f1xx_hal.o(.text.HAL_Init)
    [Anonymous Symbol]                       0x08003c0c   Section        0  stm32f1xx_hal.o(.text.HAL_InitTick)
    [Anonymous Symbol]                       0x08003c5c   Section        0  stm32f1xx_hal_msp.o(.text.HAL_MspInit)
    [Anonymous Symbol]                       0x08003c9c   Section        0  stm32f1xx_hal_cortex.o(.text.HAL_NVIC_EnableIRQ)
    [Anonymous Symbol]                       0x08003ca4   Section        0  stm32f1xx_hal_cortex.o(.text.HAL_NVIC_SetPriority)
    [Anonymous Symbol]                       0x08003cc4   Section        0  stm32f1xx_hal_cortex.o(.text.HAL_NVIC_SetPriorityGrouping)
    [Anonymous Symbol]                       0x08003ccc   Section        0  stm32f1xx_hal_pcd.o(.text.HAL_PCD_Init)
    [Anonymous Symbol]                       0x08003dc4   Section        0  stm32f1xx_hal_msp.o(.text.HAL_PCD_MspInit)
    [Anonymous Symbol]                       0x08003df8   Section        0  stm32f1xx_hal_pwr.o(.text.HAL_PWR_EnableBkUpAccess)
    [Anonymous Symbol]                       0x08003e04   Section        0  stm32f1xx_hal_rcc_ex.o(.text.HAL_RCCEx_GetPeriphCLKFreq)
    [Anonymous Symbol]                       0x08003f14   Section        0  stm32f1xx_hal_rcc_ex.o(.text.HAL_RCCEx_PeriphCLKConfig)
    [Anonymous Symbol]                       0x08004024   Section        0  stm32f1xx_hal_rcc.o(.text.HAL_RCC_ClockConfig)
    [Anonymous Symbol]                       0x08004194   Section        0  stm32f1xx_hal_rcc.o(.text.HAL_RCC_GetHCLKFreq)
    [Anonymous Symbol]                       0x080041a0   Section        0  stm32f1xx_hal_rcc.o(.text.HAL_RCC_GetPCLK1Freq)
    [Anonymous Symbol]                       0x080041c4   Section        0  stm32f1xx_hal_rcc.o(.text.HAL_RCC_GetPCLK2Freq)
    [Anonymous Symbol]                       0x080041e8   Section        0  stm32f1xx_hal_rcc.o(.text.HAL_RCC_GetSysClockFreq)
    [Anonymous Symbol]                       0x08004248   Section        0  stm32f1xx_hal_rcc.o(.text.HAL_RCC_OscConfig)
    [Anonymous Symbol]                       0x0800455c   Section        0  stm32f1xx_hal_rtc.o(.text.HAL_RTC_Init)
    [Anonymous Symbol]                       0x08004600   Section        0  stm32f1xx_hal_msp.o(.text.HAL_RTC_MspInit)
    [Anonymous Symbol]                       0x08004644   Section        0  stm32f1xx_hal_rtc.o(.text.HAL_RTC_WaitForSynchro)
    [Anonymous Symbol]                       0x0800467c   Section        0  stm32f1xx_hal_sd.o(.text.HAL_SD_ConfigWideBusOperation)
    [Anonymous Symbol]                       0x08004714   Section        0  stm32f1xx_hal_sd.o(.text.HAL_SD_GetCardCSD)
    [Anonymous Symbol]                       0x0800488c   Section        0  stm32f1xx_hal_sd.o(.text.HAL_SD_Init)
    [Anonymous Symbol]                       0x080048cc   Section        0  stm32f1xx_hal_sd.o(.text.HAL_SD_InitCard)
    [Anonymous Symbol]                       0x08004958   Section        0  stm32f1xx_hal_msp.o(.text.HAL_SD_MspInit)
    [Anonymous Symbol]                       0x080049f0   Section        0  stm32f1xx_hal_spi.o(.text.HAL_SPI_Init)
    [Anonymous Symbol]                       0x08004a9c   Section        0  stm32f1xx_hal_msp.o(.text.HAL_SPI_MspInit)
    [Anonymous Symbol]                       0x08004b1c   Section        0  stm32f1xx_hal_cortex.o(.text.HAL_SYSTICK_Config)
    [Anonymous Symbol]                       0x08004b24   Section        0  stm32f1xx_hal_uart.o(.text.HAL_UART_Init)
    [Anonymous Symbol]                       0x08004b84   Section        0  stm32f1xx_hal_msp.o(.text.HAL_UART_MspInit)
    [Anonymous Symbol]                       0x08004c54   Section        0  stm32f1xx_it.o(.text.HardFault_Handler)
    MX_GPIO_Init                             0x08004c59   Thumb Code   236  main.o(.text.MX_GPIO_Init)
    [Anonymous Symbol]                       0x08004c58   Section        0  main.o(.text.MX_GPIO_Init)
    MX_I2C1_Init                             0x08004d45   Thumb Code    54  main.o(.text.MX_I2C1_Init)
    [Anonymous Symbol]                       0x08004d44   Section        0  main.o(.text.MX_I2C1_Init)
    MX_IWDG_Init                             0x08004d7d   Thumb Code    34  main.o(.text.MX_IWDG_Init)
    [Anonymous Symbol]                       0x08004d7c   Section        0  main.o(.text.MX_IWDG_Init)
    MX_RTC_Init                              0x08004da1   Thumb Code    36  main.o(.text.MX_RTC_Init)
    [Anonymous Symbol]                       0x08004da0   Section        0  main.o(.text.MX_RTC_Init)
    MX_SDIO_SD_Init                          0x08004dc5   Thumb Code    52  main.o(.text.MX_SDIO_SD_Init)
    [Anonymous Symbol]                       0x08004dc4   Section        0  main.o(.text.MX_SDIO_SD_Init)
    MX_SPI2_Init                             0x08004df9   Thumb Code    64  main.o(.text.MX_SPI2_Init)
    [Anonymous Symbol]                       0x08004df8   Section        0  main.o(.text.MX_SPI2_Init)
    MX_USART1_UART_Init                      0x08004e39   Thumb Code    48  main.o(.text.MX_USART1_UART_Init)
    [Anonymous Symbol]                       0x08004e38   Section        0  main.o(.text.MX_USART1_UART_Init)
    MX_USART2_UART_Init                      0x08004e69   Thumb Code    48  main.o(.text.MX_USART2_UART_Init)
    [Anonymous Symbol]                       0x08004e68   Section        0  main.o(.text.MX_USART2_UART_Init)
    MX_USB_PCD_Init                          0x08004e99   Thumb Code    40  main.o(.text.MX_USB_PCD_Init)
    [Anonymous Symbol]                       0x08004e98   Section        0  main.o(.text.MX_USB_PCD_Init)
    [Anonymous Symbol]                       0x08004ec0   Section        0  stm32f1xx_it.o(.text.MemManage_Handler)
    [Anonymous Symbol]                       0x08004ec4   Section        0  stm32f1xx_it.o(.text.NMI_Handler)
    NVIC_EncodePriority                      0x08004ec9   Thumb Code    44  stm32f1xx_hal_cortex.o(.text.NVIC_EncodePriority)
    [Anonymous Symbol]                       0x08004ec8   Section        0  stm32f1xx_hal_cortex.o(.text.NVIC_EncodePriority)
    [Anonymous Symbol]                       0x08004f00   Section        0  port.o(.text.PendSV_Handler)
    pxCurrentTCBConst                        0x08004f40   Number         0  port.o(.text.PendSV_Handler)
    RCC_Delay                                0x08004f45   Thumb Code    44  stm32f1xx_hal_rcc.o(.text.RCC_Delay)
    [Anonymous Symbol]                       0x08004f44   Section        0  stm32f1xx_hal_rcc.o(.text.RCC_Delay)
    RTC_EnterInitMode                        0x08004f71   Thumb Code    48  stm32f1xx_hal_rtc.o(.text.RTC_EnterInitMode)
    [Anonymous Symbol]                       0x08004f70   Section        0  stm32f1xx_hal_rtc.o(.text.RTC_EnterInitMode)
    RTC_ExitInitMode                         0x08004fa1   Thumb Code    48  stm32f1xx_hal_rtc.o(.text.RTC_ExitInitMode)
    [Anonymous Symbol]                       0x08004fa0   Section        0  stm32f1xx_hal_rtc.o(.text.RTC_ExitInitMode)
    [Anonymous Symbol]                       0x08004fd0   Section        0  stm32f1xx_ll_sdmmc.o(.text.SDIO_ConfigData)
    [Anonymous Symbol]                       0x08004ff8   Section        0  stm32f1xx_ll_sdmmc.o(.text.SDIO_GetCommandResponse)
    [Anonymous Symbol]                       0x08005000   Section        0  stm32f1xx_ll_sdmmc.o(.text.SDIO_GetPowerState)
    [Anonymous Symbol]                       0x08005008   Section        0  stm32f1xx_ll_sdmmc.o(.text.SDIO_GetResponse)
    [Anonymous Symbol]                       0x08005010   Section        0  stm32f1xx_ll_sdmmc.o(.text.SDIO_Init)
    [Anonymous Symbol]                       0x0800503c   Section        0  stm32f1xx_ll_sdmmc.o(.text.SDIO_PowerState_ON)
    [Anonymous Symbol]                       0x0800504c   Section        0  stm32f1xx_ll_sdmmc.o(.text.SDIO_ReadFIFO)
    [Anonymous Symbol]                       0x08005054   Section        0  stm32f1xx_ll_sdmmc.o(.text.SDIO_SendCommand)
    [Anonymous Symbol]                       0x08005080   Section        0  stm32f1xx_ll_sdmmc.o(.text.SDMMC_CmdAppCommand)
    [Anonymous Symbol]                       0x080050b4   Section        0  stm32f1xx_ll_sdmmc.o(.text.SDMMC_CmdAppOperCommand)
    [Anonymous Symbol]                       0x080050e8   Section        0  stm32f1xx_ll_sdmmc.o(.text.SDMMC_CmdBlockLength)
    [Anonymous Symbol]                       0x0800511c   Section        0  stm32f1xx_ll_sdmmc.o(.text.SDMMC_CmdBusWidth)
    [Anonymous Symbol]                       0x08005150   Section        0  stm32f1xx_ll_sdmmc.o(.text.SDMMC_CmdGoIdleState)
    [Anonymous Symbol]                       0x08005178   Section        0  stm32f1xx_ll_sdmmc.o(.text.SDMMC_CmdOperCond)
    [Anonymous Symbol]                       0x080051a8   Section        0  stm32f1xx_ll_sdmmc.o(.text.SDMMC_CmdSelDesel)
    [Anonymous Symbol]                       0x080051dc   Section        0  stm32f1xx_ll_sdmmc.o(.text.SDMMC_CmdSendCID)
    [Anonymous Symbol]                       0x08005208   Section        0  stm32f1xx_ll_sdmmc.o(.text.SDMMC_CmdSendCSD)
    [Anonymous Symbol]                       0x08005234   Section        0  stm32f1xx_ll_sdmmc.o(.text.SDMMC_CmdSendSCR)
    [Anonymous Symbol]                       0x08005268   Section        0  stm32f1xx_ll_sdmmc.o(.text.SDMMC_CmdSetRelAdd)
    SDMMC_GetCmdError                        0x08005299   Thumb Code    56  stm32f1xx_ll_sdmmc.o(.text.SDMMC_GetCmdError)
    [Anonymous Symbol]                       0x08005298   Section        0  stm32f1xx_ll_sdmmc.o(.text.SDMMC_GetCmdError)
    SDMMC_GetCmdResp1                        0x080052d1   Thumb Code   306  stm32f1xx_ll_sdmmc.o(.text.SDMMC_GetCmdResp1)
    [Anonymous Symbol]                       0x080052d0   Section        0  stm32f1xx_ll_sdmmc.o(.text.SDMMC_GetCmdResp1)
    SDMMC_GetCmdResp2                        0x08005405   Thumb Code    88  stm32f1xx_ll_sdmmc.o(.text.SDMMC_GetCmdResp2)
    [Anonymous Symbol]                       0x08005404   Section        0  stm32f1xx_ll_sdmmc.o(.text.SDMMC_GetCmdResp2)
    SDMMC_GetCmdResp3                        0x0800545d   Thumb Code    74  stm32f1xx_ll_sdmmc.o(.text.SDMMC_GetCmdResp3)
    [Anonymous Symbol]                       0x0800545c   Section        0  stm32f1xx_ll_sdmmc.o(.text.SDMMC_GetCmdResp3)
    SDMMC_GetCmdResp6                        0x080054a9   Thumb Code   152  stm32f1xx_ll_sdmmc.o(.text.SDMMC_GetCmdResp6)
    [Anonymous Symbol]                       0x080054a8   Section        0  stm32f1xx_ll_sdmmc.o(.text.SDMMC_GetCmdResp6)
    SDMMC_GetCmdResp7                        0x08005541   Thumb Code    98  stm32f1xx_ll_sdmmc.o(.text.SDMMC_GetCmdResp7)
    [Anonymous Symbol]                       0x08005540   Section        0  stm32f1xx_ll_sdmmc.o(.text.SDMMC_GetCmdResp7)
    SD_FindSCR                               0x080055a5   Thumb Code   214  stm32f1xx_hal_sd.o(.text.SD_FindSCR)
    [Anonymous Symbol]                       0x080055a4   Section        0  stm32f1xx_hal_sd.o(.text.SD_FindSCR)
    SD_InitCard                              0x0800567d   Thumb Code   252  stm32f1xx_hal_sd.o(.text.SD_InitCard)
    [Anonymous Symbol]                       0x0800567c   Section        0  stm32f1xx_hal_sd.o(.text.SD_InitCard)
    SD_PowerON                               0x08005779   Thumb Code   176  stm32f1xx_hal_sd.o(.text.SD_PowerON)
    [Anonymous Symbol]                       0x08005778   Section        0  stm32f1xx_hal_sd.o(.text.SD_PowerON)
    SD_WideBus_Disable                       0x08005829   Thumb Code    88  stm32f1xx_hal_sd.o(.text.SD_WideBus_Disable)
    [Anonymous Symbol]                       0x08005828   Section        0  stm32f1xx_hal_sd.o(.text.SD_WideBus_Disable)
    SD_WideBus_Enable                        0x08005881   Thumb Code    88  stm32f1xx_hal_sd.o(.text.SD_WideBus_Enable)
    [Anonymous Symbol]                       0x08005880   Section        0  stm32f1xx_hal_sd.o(.text.SD_WideBus_Enable)
    [Anonymous Symbol]                       0x080058e0   Section        0  port.o(.text.SVC_Handler)
    pxCurrentTCBConst2                       0x08005900   Number         0  port.o(.text.SVC_Handler)
    SysTick_Config                           0x08005905   Thumb Code    46  stm32f1xx_hal_cortex.o(.text.SysTick_Config)
    [Anonymous Symbol]                       0x08005904   Section        0  stm32f1xx_hal_cortex.o(.text.SysTick_Config)
    [Anonymous Symbol]                       0x08005934   Section        0  stm32f1xx_it.o(.text.SysTick_Handler)
    [Anonymous Symbol]                       0x08005948   Section        0  main.o(.text.SystemClock_Config)
    [Anonymous Symbol]                       0x080059c4   Section        0  system_stm32f1xx.o(.text.SystemInit)
    UART_SetConfig                           0x080059d9   Thumb Code   142  stm32f1xx_hal_uart.o(.text.UART_SetConfig)
    [Anonymous Symbol]                       0x080059d8   Section        0  stm32f1xx_hal_uart.o(.text.UART_SetConfig)
    [Anonymous Symbol]                       0x08005a68   Section        0  interrupt.o(.text.USART2_IRQHandler)
    [Anonymous Symbol]                       0x08005a80   Section        0  stm32f1xx_ll_usb.o(.text.USB_CoreInit)
    [Anonymous Symbol]                       0x08005a84   Section        0  stm32f1xx_ll_usb.o(.text.USB_DevDisconnect)
    [Anonymous Symbol]                       0x08005a88   Section        0  stm32f1xx_ll_usb.o(.text.USB_DevInit)
    [Anonymous Symbol]                       0x08005aa4   Section        0  stm32f1xx_ll_usb.o(.text.USB_DisableGlobalInt)
    [Anonymous Symbol]                       0x08005ab8   Section        0  stm32f1xx_ll_usb.o(.text.USB_SetCurrentMode)
    [Anonymous Symbol]                       0x08005abc   Section        0  stm32f1xx_it.o(.text.UsageFault_Handler)
    __NVIC_EnableIRQ                         0x08005ac1   Thumb Code    32  stm32f1xx_hal_cortex.o(.text.__NVIC_EnableIRQ)
    [Anonymous Symbol]                       0x08005ac0   Section        0  stm32f1xx_hal_cortex.o(.text.__NVIC_EnableIRQ)
    __NVIC_GetPriorityGrouping               0x08005ae1   Thumb Code    16  stm32f1xx_hal_cortex.o(.text.__NVIC_GetPriorityGrouping)
    [Anonymous Symbol]                       0x08005ae0   Section        0  stm32f1xx_hal_cortex.o(.text.__NVIC_GetPriorityGrouping)
    __NVIC_SetPriority                       0x08005af1   Thumb Code    34  stm32f1xx_hal_cortex.o(.text.__NVIC_SetPriority)
    [Anonymous Symbol]                       0x08005af0   Section        0  stm32f1xx_hal_cortex.o(.text.__NVIC_SetPriority)
    __NVIC_SetPriorityGrouping               0x08005b15   Thumb Code    32  stm32f1xx_hal_cortex.o(.text.__NVIC_SetPriorityGrouping)
    [Anonymous Symbol]                       0x08005b14   Section        0  stm32f1xx_hal_cortex.o(.text.__NVIC_SetPriorityGrouping)
    [Anonymous Symbol]                       0x08005b34   Section        0  circular_queue.o(.text.de_queue)
    [Anonymous Symbol]                       0x08005b84   Section        0  print.o(.text.debug_init)
    [Anonymous Symbol]                       0x08005bb8   Section        0  circular_queue.o(.text.get_remain_num)
    [Anonymous Symbol]                       0x08005bf4   Section        0  circular_queue.o(.text.init_queue)
    [Anonymous Symbol]                       0x08005c14   Section        0  bsp_layer.o(.text.iwdg_refresh)
    [Anonymous Symbol]                       0x08005c24   Section        0  main_1.o(.text.main)
    [Anonymous Symbol]                       0x08005cd4   Section        0  main.o(.text.mcu_init)
    [Anonymous Symbol]                       0x08005d04   Section        0  bsp_layer.o(.text.nvic_init)
    [Anonymous Symbol]                       0x08005d28   Section        0  print.o(.text.print)
    [Anonymous Symbol]                       0x08005df8   Section        0  print.o(.text.print_array)
    [Anonymous Symbol]                       0x08005ea4   Section        0  print.o(.text.print_error)
    prvAddCurrentTaskToDelayedList           0x08005f25   Thumb Code   190  tasks.o(.text.prvAddCurrentTaskToDelayedList)
    [Anonymous Symbol]                       0x08005f24   Section        0  tasks.o(.text.prvAddCurrentTaskToDelayedList)
    prvResetNextTaskUnblockTime              0x08005fe5   Thumb Code    38  tasks.o(.text.prvResetNextTaskUnblockTime)
    [Anonymous Symbol]                       0x08005fe4   Section        0  tasks.o(.text.prvResetNextTaskUnblockTime)
    [Anonymous Symbol]                       0x0800600c   Section        0  circular_queue.o(.text.queue_input_bytes)
    [Anonymous Symbol]                       0x080060b8   Section        0  print.o(.text.uart_send_bytes)
    [Anonymous Symbol]                       0x08006144   Section        0  print.o(.text.uart_send_irq)
    [Anonymous Symbol]                       0x0800618c   Section        0  list.o(.text.uxListRemove)
    [Anonymous Symbol]                       0x080061b4   Section        0  main_1.o(.text.vApplicationStackOverflowHook)
    [Anonymous Symbol]                       0x080061dc   Section        0  list.o(.text.vListInsert)
    [Anonymous Symbol]                       0x08006218   Section        0  port.o(.text.vPortEnterCritical)
    [Anonymous Symbol]                       0x08006268   Section        0  port.o(.text.vPortExitCritical)
    [Anonymous Symbol]                       0x080062a0   Section        0  tasks.o(.text.vTaskDelay)
    [Anonymous Symbol]                       0x080062f8   Section        0  tasks.o(.text.vTaskSuspendAll)
    __tagsym$$used.0                         0x08006308   Number         0  tasks.o(.text.vTaskSwitchContext)
    [Anonymous Symbol]                       0x08006308   Section        0  tasks.o(.text.vTaskSwitchContext)
    [Anonymous Symbol]                       0x080063c4   Section        0  port.o(.text.xPortSysTickHandler)
    [Anonymous Symbol]                       0x080063f4   Section        0  tasks.o(.text.xTaskGetSchedulerState)
    [Anonymous Symbol]                       0x0800641c   Section        0  tasks.o(.text.xTaskIncrementTick)
    [Anonymous Symbol]                       0x080065d0   Section        0  tasks.o(.text.xTaskResumeAll)
    i.__0printf                              0x08006744   Section        0  printfa.o(i.__0printf)
    i.__0sprintf                             0x08006764   Section        0  printfa.o(i.__0sprintf)
    i.__0vsnprintf                           0x0800678c   Section        0  printfa.o(i.__0vsnprintf)
    i.__scatterload_copy                     0x080067c0   Section       14  handlers.o(i.__scatterload_copy)
    i.__scatterload_null                     0x080067ce   Section        2  handlers.o(i.__scatterload_null)
    i.__scatterload_zeroinit                 0x080067d0   Section       14  handlers.o(i.__scatterload_zeroinit)
    _fp_digits                               0x080067e1   Thumb Code   366  printfa.o(i._fp_digits)
    i._fp_digits                             0x080067e0   Section        0  printfa.o(i._fp_digits)
    _printf_core                             0x08006965   Thumb Code  1744  printfa.o(i._printf_core)
    i._printf_core                           0x08006964   Section        0  printfa.o(i._printf_core)
    _printf_post_padding                     0x08007041   Thumb Code    36  printfa.o(i._printf_post_padding)
    i._printf_post_padding                   0x08007040   Section        0  printfa.o(i._printf_post_padding)
    _printf_pre_padding                      0x08007065   Thumb Code    46  printfa.o(i._printf_pre_padding)
    i._printf_pre_padding                    0x08007064   Section        0  printfa.o(i._printf_pre_padding)
    _snputc                                  0x08007093   Thumb Code    22  printfa.o(i._snputc)
    i._snputc                                0x08007092   Section        0  printfa.o(i._snputc)
    _sputc                                   0x080070a9   Thumb Code    10  printfa.o(i._sputc)
    i._sputc                                 0x080070a8   Section        0  printfa.o(i._sputc)
    i.fputc                                  0x080070b2   Section        0  fputc.o(i.fputc)
    .L.str                                   0x080070dc   Data          14  tasks.o(.rodata.str1.1)
    .L.str                                   0x080070dc   Data          14  tasks.o(.rodata.str1.1)
    [Anonymous Symbol]                       0x080070dc   Section        0  tasks.o(.rodata.str1.1)
    .L.str.1                                 0x080070ea   Data          20  tasks.o(.rodata.str1.1)
    .L.str.1                                 0x080070fe   Data          28  port.o(.rodata.str1.1)
    [Anonymous Symbol]                       0x080070fe   Section        0  port.o(.rodata.str1.1)
    .L.str                                   0x0800711a   Data          17  circular_queue.o(.rodata.str1.1)
    [Anonymous Symbol]                       0x0800711a   Section        0  circular_queue.o(.rodata.str1.1)
    .L.str.1                                 0x0800712b   Data          15  print.o(.rodata.str1.1)
    [Anonymous Symbol]                       0x0800712b   Section        0  print.o(.rodata.str1.1)
    .data                                    0x20000000   Section        4  stdout.o(.data)
    uxCriticalNesting                        0x20000014   Data           4  port.o(.data.uxCriticalNesting)
    [Anonymous Symbol]                       0x20000014   Section        0  port.o(.data.uxCriticalNesting)
    pxDelayedTaskList                        0x200004e0   Data           4  tasks.o(.bss.pxDelayedTaskList)
    [Anonymous Symbol]                       0x200004e0   Section        0  tasks.o(.bss.pxDelayedTaskList)
    pxOverflowDelayedTaskList                0x200004e4   Data           4  tasks.o(.bss.pxOverflowDelayedTaskList)
    [Anonymous Symbol]                       0x200004e4   Section        0  tasks.o(.bss.pxOverflowDelayedTaskList)
    pxReadyTasksLists                        0x200004e8   Data         640  tasks.o(.bss.pxReadyTasksLists)
    [Anonymous Symbol]                       0x200004e8   Section        0  tasks.o(.bss.pxReadyTasksLists)
    uxCurrentNumberOfTasks                   0x200008c4   Data           4  tasks.o(.bss.uxCurrentNumberOfTasks)
    [Anonymous Symbol]                       0x200008c4   Section        0  tasks.o(.bss.uxCurrentNumberOfTasks)
    uxSchedulerSuspended                     0x200008c8   Data           4  tasks.o(.bss.uxSchedulerSuspended)
    [Anonymous Symbol]                       0x200008c8   Section        0  tasks.o(.bss.uxSchedulerSuspended)
    uxTopReadyPriority                       0x200008cc   Data           4  tasks.o(.bss.uxTopReadyPriority)
    [Anonymous Symbol]                       0x200008cc   Section        0  tasks.o(.bss.uxTopReadyPriority)
    xNextTaskUnblockTime                     0x200008d0   Data           4  tasks.o(.bss.xNextTaskUnblockTime)
    [Anonymous Symbol]                       0x200008d0   Section        0  tasks.o(.bss.xNextTaskUnblockTime)
    xNumOfOverflows                          0x200008d4   Data           4  tasks.o(.bss.xNumOfOverflows)
    [Anonymous Symbol]                       0x200008d4   Section        0  tasks.o(.bss.xNumOfOverflows)
    xPendedTicks                             0x200008d8   Data           4  tasks.o(.bss.xPendedTicks)
    [Anonymous Symbol]                       0x200008d8   Section        0  tasks.o(.bss.xPendedTicks)
    xPendingReadyList                        0x200008dc   Data          20  tasks.o(.bss.xPendingReadyList)
    [Anonymous Symbol]                       0x200008dc   Section        0  tasks.o(.bss.xPendingReadyList)
    xSchedulerRunning                        0x200008f0   Data           4  tasks.o(.bss.xSchedulerRunning)
    [Anonymous Symbol]                       0x200008f0   Section        0  tasks.o(.bss.xSchedulerRunning)
    xSuspendedTaskList                       0x200008f4   Data          20  tasks.o(.bss.xSuspendedTaskList)
    [Anonymous Symbol]                       0x200008f4   Section        0  tasks.o(.bss.xSuspendedTaskList)
    xTickCount                               0x20000908   Data           4  tasks.o(.bss.xTickCount)
    [Anonymous Symbol]                       0x20000908   Section        0  tasks.o(.bss.xTickCount)
    xYieldPending                            0x2000090c   Data           4  tasks.o(.bss.xYieldPending)
    [Anonymous Symbol]                       0x2000090c   Section        0  tasks.o(.bss.xYieldPending)
    STACK                                    0x20000910   Section     2048  startup_stm32f103xe.o(STACK)

    Global Symbols

    Symbol Name                              Value     Ov Type        Size  Object(Section)

    BuildAttributes$$THM_ISAv4$P$D$K$B$S$PE$A:L22UL41UL21$X:L11$S22US41US21$IEEE1$IW$~IW$USESV6$~STKCKD$USESV7$~SHL$OTIME$ROPI$EBA8$MICROLIB$REQ8$PRES8$EABIv2 0x00000000   Number         0  anon$$obj.o ABSOLUTE
    _printf_a                                0x00000000   Number         0  printfstubs.o ABSOLUTE
    _printf_c                                0x00000000   Number         0  printfstubs.o ABSOLUTE
    _printf_charcount                        0x00000000   Number         0  printfstubs.o ABSOLUTE
    _printf_d                                0x00000000   Number         0  printfstubs.o ABSOLUTE
    _printf_e                                0x00000000   Number         0  printfstubs.o ABSOLUTE
    _printf_f                                0x00000000   Number         0  printfstubs.o ABSOLUTE
    _printf_flags                            0x00000000   Number         0  printfstubs.o ABSOLUTE
    _printf_fp_dec                           0x00000000   Number         0  printfstubs.o ABSOLUTE
    _printf_fp_hex                           0x00000000   Number         0  printfstubs.o ABSOLUTE
    _printf_g                                0x00000000   Number         0  printfstubs.o ABSOLUTE
    _printf_i                                0x00000000   Number         0  printfstubs.o ABSOLUTE
    _printf_int_dec                          0x00000000   Number         0  printfstubs.o ABSOLUTE
    _printf_l                                0x00000000   Number         0  printfstubs.o ABSOLUTE
    _printf_lc                               0x00000000   Number         0  printfstubs.o ABSOLUTE
    _printf_ll                               0x00000000   Number         0  printfstubs.o ABSOLUTE
    _printf_lld                              0x00000000   Number         0  printfstubs.o ABSOLUTE
    _printf_lli                              0x00000000   Number         0  printfstubs.o ABSOLUTE
    _printf_llo                              0x00000000   Number         0  printfstubs.o ABSOLUTE
    _printf_llu                              0x00000000   Number         0  printfstubs.o ABSOLUTE
    _printf_llx                              0x00000000   Number         0  printfstubs.o ABSOLUTE
    _printf_longlong_dec                     0x00000000   Number         0  printfstubs.o ABSOLUTE
    _printf_longlong_hex                     0x00000000   Number         0  printfstubs.o ABSOLUTE
    _printf_longlong_oct                     0x00000000   Number         0  printfstubs.o ABSOLUTE
    _printf_ls                               0x00000000   Number         0  printfstubs.o ABSOLUTE
    _printf_mbtowc                           0x00000000   Number         0  printfstubs.o ABSOLUTE
    _printf_n                                0x00000000   Number         0  printfstubs.o ABSOLUTE
    _printf_o                                0x00000000   Number         0  printfstubs.o ABSOLUTE
    _printf_p                                0x00000000   Number         0  printfstubs.o ABSOLUTE
    _printf_percent                          0x00000000   Number         0  printfstubs.o ABSOLUTE
    _printf_pre_padding                      0x00000000   Number         0  printfstubs.o ABSOLUTE
    _printf_return_value                     0x00000000   Number         0  printfstubs.o ABSOLUTE
    _printf_s                                0x00000000   Number         0  printfstubs.o ABSOLUTE
    _printf_sizespec                         0x00000000   Number         0  printfstubs.o ABSOLUTE
    _printf_str                              0x00000000   Number         0  printfstubs.o ABSOLUTE
    _printf_truncate_signed                  0x00000000   Number         0  printfstubs.o ABSOLUTE
    _printf_truncate_unsigned                0x00000000   Number         0  printfstubs.o ABSOLUTE
    _printf_u                                0x00000000   Number         0  printfstubs.o ABSOLUTE
    _printf_wc                               0x00000000   Number         0  printfstubs.o ABSOLUTE
    _printf_wctomb                           0x00000000   Number         0  printfstubs.o ABSOLUTE
    _printf_widthprec                        0x00000000   Number         0  printfstubs.o ABSOLUTE
    _printf_x                                0x00000000   Number         0  printfstubs.o ABSOLUTE
    __cpp_initialize__aeabi_                  - Undefined Weak Reference
    __cxa_finalize                            - Undefined Weak Reference
    __decompress                              - Undefined Weak Reference
    _clock_init                               - Undefined Weak Reference
    _microlib_exit                            - Undefined Weak Reference
    __Vectors_Size                           0x00000130   Number         0  startup_stm32f103xe.o ABSOLUTE
    __Vectors                                0x08003000   Data           4  startup_stm32f103xe.o(RESET)
    __Vectors_End                            0x08003130   Data           0  startup_stm32f103xe.o(RESET)
    __main                                   0x08003131   Thumb Code     0  entry.o(.ARM.Collect$$$$00000000)
    _main_stk                                0x08003131   Thumb Code     0  entry2.o(.ARM.Collect$$$$00000001)
    _main_scatterload                        0x08003135   Thumb Code     0  entry5.o(.ARM.Collect$$$$00000004)
    __main_after_scatterload                 0x08003139   Thumb Code     0  entry5.o(.ARM.Collect$$$$00000004)
    _main_clock                              0x08003139   Thumb Code     0  entry7b.o(.ARM.Collect$$$$00000008)
    _main_cpp_init                           0x08003139   Thumb Code     0  entry8b.o(.ARM.Collect$$$$0000000A)
    _main_init                               0x08003139   Thumb Code     0  entry9a.o(.ARM.Collect$$$$0000000B)
    __rt_final_cpp                           0x08003141   Thumb Code     0  entry10a.o(.ARM.Collect$$$$0000000D)
    __rt_final_exit                          0x08003141   Thumb Code     0  entry11a.o(.ARM.Collect$$$$0000000F)
    Reset_Handler                            0x08003145   Thumb Code     8  startup_stm32f103xe.o(.text)
    ADC1_2_IRQHandler                        0x0800315f   Thumb Code     0  startup_stm32f103xe.o(.text)
    ADC3_IRQHandler                          0x0800315f   Thumb Code     0  startup_stm32f103xe.o(.text)
    CAN1_RX1_IRQHandler                      0x0800315f   Thumb Code     0  startup_stm32f103xe.o(.text)
    CAN1_SCE_IRQHandler                      0x0800315f   Thumb Code     0  startup_stm32f103xe.o(.text)
    DMA1_Channel1_IRQHandler                 0x0800315f   Thumb Code     0  startup_stm32f103xe.o(.text)
    DMA1_Channel2_IRQHandler                 0x0800315f   Thumb Code     0  startup_stm32f103xe.o(.text)
    DMA1_Channel3_IRQHandler                 0x0800315f   Thumb Code     0  startup_stm32f103xe.o(.text)
    DMA1_Channel4_IRQHandler                 0x0800315f   Thumb Code     0  startup_stm32f103xe.o(.text)
    DMA1_Channel5_IRQHandler                 0x0800315f   Thumb Code     0  startup_stm32f103xe.o(.text)
    DMA1_Channel6_IRQHandler                 0x0800315f   Thumb Code     0  startup_stm32f103xe.o(.text)
    DMA1_Channel7_IRQHandler                 0x0800315f   Thumb Code     0  startup_stm32f103xe.o(.text)
    DMA2_Channel1_IRQHandler                 0x0800315f   Thumb Code     0  startup_stm32f103xe.o(.text)
    DMA2_Channel2_IRQHandler                 0x0800315f   Thumb Code     0  startup_stm32f103xe.o(.text)
    DMA2_Channel3_IRQHandler                 0x0800315f   Thumb Code     0  startup_stm32f103xe.o(.text)
    DMA2_Channel4_5_IRQHandler               0x0800315f   Thumb Code     0  startup_stm32f103xe.o(.text)
    EXTI0_IRQHandler                         0x0800315f   Thumb Code     0  startup_stm32f103xe.o(.text)
    EXTI15_10_IRQHandler                     0x0800315f   Thumb Code     0  startup_stm32f103xe.o(.text)
    EXTI1_IRQHandler                         0x0800315f   Thumb Code     0  startup_stm32f103xe.o(.text)
    EXTI2_IRQHandler                         0x0800315f   Thumb Code     0  startup_stm32f103xe.o(.text)
    EXTI3_IRQHandler                         0x0800315f   Thumb Code     0  startup_stm32f103xe.o(.text)
    EXTI4_IRQHandler                         0x0800315f   Thumb Code     0  startup_stm32f103xe.o(.text)
    EXTI9_5_IRQHandler                       0x0800315f   Thumb Code     0  startup_stm32f103xe.o(.text)
    FLASH_IRQHandler                         0x0800315f   Thumb Code     0  startup_stm32f103xe.o(.text)
    FSMC_IRQHandler                          0x0800315f   Thumb Code     0  startup_stm32f103xe.o(.text)
    I2C1_ER_IRQHandler                       0x0800315f   Thumb Code     0  startup_stm32f103xe.o(.text)
    I2C1_EV_IRQHandler                       0x0800315f   Thumb Code     0  startup_stm32f103xe.o(.text)
    I2C2_ER_IRQHandler                       0x0800315f   Thumb Code     0  startup_stm32f103xe.o(.text)
    I2C2_EV_IRQHandler                       0x0800315f   Thumb Code     0  startup_stm32f103xe.o(.text)
    PVD_IRQHandler                           0x0800315f   Thumb Code     0  startup_stm32f103xe.o(.text)
    RCC_IRQHandler                           0x0800315f   Thumb Code     0  startup_stm32f103xe.o(.text)
    RTC_Alarm_IRQHandler                     0x0800315f   Thumb Code     0  startup_stm32f103xe.o(.text)
    RTC_IRQHandler                           0x0800315f   Thumb Code     0  startup_stm32f103xe.o(.text)
    SDIO_IRQHandler                          0x0800315f   Thumb Code     0  startup_stm32f103xe.o(.text)
    SPI1_IRQHandler                          0x0800315f   Thumb Code     0  startup_stm32f103xe.o(.text)
    SPI2_IRQHandler                          0x0800315f   Thumb Code     0  startup_stm32f103xe.o(.text)
    SPI3_IRQHandler                          0x0800315f   Thumb Code     0  startup_stm32f103xe.o(.text)
    TAMPER_IRQHandler                        0x0800315f   Thumb Code     0  startup_stm32f103xe.o(.text)
    TIM1_BRK_IRQHandler                      0x0800315f   Thumb Code     0  startup_stm32f103xe.o(.text)
    TIM1_CC_IRQHandler                       0x0800315f   Thumb Code     0  startup_stm32f103xe.o(.text)
    TIM1_TRG_COM_IRQHandler                  0x0800315f   Thumb Code     0  startup_stm32f103xe.o(.text)
    TIM1_UP_IRQHandler                       0x0800315f   Thumb Code     0  startup_stm32f103xe.o(.text)
    TIM2_IRQHandler                          0x0800315f   Thumb Code     0  startup_stm32f103xe.o(.text)
    TIM3_IRQHandler                          0x0800315f   Thumb Code     0  startup_stm32f103xe.o(.text)
    TIM4_IRQHandler                          0x0800315f   Thumb Code     0  startup_stm32f103xe.o(.text)
    TIM5_IRQHandler                          0x0800315f   Thumb Code     0  startup_stm32f103xe.o(.text)
    TIM6_IRQHandler                          0x0800315f   Thumb Code     0  startup_stm32f103xe.o(.text)
    TIM7_IRQHandler                          0x0800315f   Thumb Code     0  startup_stm32f103xe.o(.text)
    TIM8_BRK_IRQHandler                      0x0800315f   Thumb Code     0  startup_stm32f103xe.o(.text)
    TIM8_CC_IRQHandler                       0x0800315f   Thumb Code     0  startup_stm32f103xe.o(.text)
    TIM8_TRG_COM_IRQHandler                  0x0800315f   Thumb Code     0  startup_stm32f103xe.o(.text)
    TIM8_UP_IRQHandler                       0x0800315f   Thumb Code     0  startup_stm32f103xe.o(.text)
    UART4_IRQHandler                         0x0800315f   Thumb Code     0  startup_stm32f103xe.o(.text)
    UART5_IRQHandler                         0x0800315f   Thumb Code     0  startup_stm32f103xe.o(.text)
    USART1_IRQHandler                        0x0800315f   Thumb Code     0  startup_stm32f103xe.o(.text)
    USART3_IRQHandler                        0x0800315f   Thumb Code     0  startup_stm32f103xe.o(.text)
    USBWakeUp_IRQHandler                     0x0800315f   Thumb Code     0  startup_stm32f103xe.o(.text)
    USB_HP_CAN1_TX_IRQHandler                0x0800315f   Thumb Code     0  startup_stm32f103xe.o(.text)
    USB_LP_CAN1_RX0_IRQHandler               0x0800315f   Thumb Code     0  startup_stm32f103xe.o(.text)
    WWDG_IRQHandler                          0x0800315f   Thumb Code     0  startup_stm32f103xe.o(.text)
    __aeabi_memcpy                           0x08003169   Thumb Code    36  memcpya.o(.text)
    __aeabi_memcpy4                          0x08003169   Thumb Code     0  memcpya.o(.text)
    __aeabi_memcpy8                          0x08003169   Thumb Code     0  memcpya.o(.text)
    __aeabi_memset                           0x0800318d   Thumb Code    14  memseta.o(.text)
    __aeabi_memset4                          0x0800318d   Thumb Code     0  memseta.o(.text)
    __aeabi_memset8                          0x0800318d   Thumb Code     0  memseta.o(.text)
    __aeabi_memclr                           0x0800319b   Thumb Code     4  memseta.o(.text)
    __aeabi_memclr4                          0x0800319b   Thumb Code     0  memseta.o(.text)
    __aeabi_memclr8                          0x0800319b   Thumb Code     0  memseta.o(.text)
    _memset$wrapper                          0x0800319f   Thumb Code    18  memseta.o(.text)
    strlen                                   0x080031b1   Thumb Code    14  strlen.o(.text)
    strcmp                                   0x080031bf   Thumb Code    28  strcmp.o(.text)
    strcpy                                   0x080031db   Thumb Code    18  strcpy.o(.text)
    __aeabi_uidiv                            0x080031ed   Thumb Code     0  uidiv.o(.text)
    __aeabi_uidivmod                         0x080031ed   Thumb Code    44  uidiv.o(.text)
    __aeabi_uldivmod                         0x08003219   Thumb Code    98  uldiv.o(.text)
    __I$use$fp                               0x0800327b   Thumb Code     0  iusefp.o(.text)
    __aeabi_dadd                             0x0800327b   Thumb Code   322  dadd.o(.text)
    __aeabi_dsub                             0x080033bd   Thumb Code     6  dadd.o(.text)
    __aeabi_drsub                            0x080033c3   Thumb Code     6  dadd.o(.text)
    __aeabi_dmul                             0x080033c9   Thumb Code   228  dmul.o(.text)
    __aeabi_ddiv                             0x080034ad   Thumb Code   222  ddiv.o(.text)
    __aeabi_d2ulz                            0x0800358b   Thumb Code    48  dfixul.o(.text)
    __aeabi_cdrcmple                         0x080035bd   Thumb Code    48  cdrcmple.o(.text)
    __scatterload                            0x080035ed   Thumb Code    28  init.o(.text)
    __scatterload_rt2                        0x080035ed   Thumb Code     0  init.o(.text)
    __aeabi_llsl                             0x08003611   Thumb Code    30  llshl.o(.text)
    __semihosting_library_function           0x08003611   Thumb Code     0  semi.o(.text)
    _ll_shift_l                              0x08003611   Thumb Code     0  llshl.o(.text)
    __aeabi_llsr                             0x0800362f   Thumb Code    32  llushr.o(.text)
    _ll_ushift_r                             0x0800362f   Thumb Code     0  llushr.o(.text)
    __aeabi_lasr                             0x0800364f   Thumb Code    36  llsshr.o(.text)
    _ll_sshift_r                             0x0800364f   Thumb Code     0  llsshr.o(.text)
    __I$use$semihosting$fputc                0x08003673   Thumb Code     0  iusesemip.o(.text)
    _double_round                            0x08003673   Thumb Code    30  depilogue.o(.text)
    _double_epilogue                         0x08003691   Thumb Code   156  depilogue.o(.text)
    BusFault_Handler                         0x0800372d   Thumb Code     2  stm32f1xx_it.o(.text.BusFault_Handler)
    DebugMon_Handler                         0x08003731   Thumb Code     2  stm32f1xx_it.o(.text.DebugMon_Handler)
    HAL_Delay                                0x08003735   Thumb Code    40  stm32f1xx_hal.o(.text.HAL_Delay)
    HAL_GPIO_Init                            0x0800375d   Thumb Code   488  stm32f1xx_hal_gpio.o(.text.HAL_GPIO_Init)
    HAL_GPIO_TogglePin                       0x08003945   Thumb Code    16  stm32f1xx_hal_gpio.o(.text.HAL_GPIO_TogglePin)
    HAL_GPIO_WritePin                        0x08003955   Thumb Code    10  stm32f1xx_hal_gpio.o(.text.HAL_GPIO_WritePin)
    HAL_GetTick                              0x08003961   Thumb Code    12  stm32f1xx_hal.o(.text.HAL_GetTick)
    HAL_I2C_Init                             0x0800396d   Thumb Code   398  stm32f1xx_hal_i2c.o(.text.HAL_I2C_Init)
    HAL_I2C_MspInit                          0x08003afd   Thumb Code   104  stm32f1xx_hal_msp.o(.text.HAL_I2C_MspInit)
    HAL_IWDG_Init                            0x08003b65   Thumb Code    88  stm32f1xx_hal_iwdg.o(.text.HAL_IWDG_Init)
    HAL_IWDG_Refresh                         0x08003bbd   Thumb Code    12  stm32f1xx_hal_iwdg.o(.text.HAL_IWDG_Refresh)
    HAL_IncTick                              0x08003bc9   Thumb Code    26  stm32f1xx_hal.o(.text.HAL_IncTick)
    HAL_Init                                 0x08003be5   Thumb Code    38  stm32f1xx_hal.o(.text.HAL_Init)
    HAL_InitTick                             0x08003c0d   Thumb Code    80  stm32f1xx_hal.o(.text.HAL_InitTick)
    HAL_MspInit                              0x08003c5d   Thumb Code    64  stm32f1xx_hal_msp.o(.text.HAL_MspInit)
    HAL_NVIC_EnableIRQ                       0x08003c9d   Thumb Code     8  stm32f1xx_hal_cortex.o(.text.HAL_NVIC_EnableIRQ)
    HAL_NVIC_SetPriority                     0x08003ca5   Thumb Code    30  stm32f1xx_hal_cortex.o(.text.HAL_NVIC_SetPriority)
    HAL_NVIC_SetPriorityGrouping             0x08003cc5   Thumb Code     8  stm32f1xx_hal_cortex.o(.text.HAL_NVIC_SetPriorityGrouping)
    HAL_PCD_Init                             0x08003ccd   Thumb Code   246  stm32f1xx_hal_pcd.o(.text.HAL_PCD_Init)
    HAL_PCD_MspInit                          0x08003dc5   Thumb Code    50  stm32f1xx_hal_msp.o(.text.HAL_PCD_MspInit)
    HAL_PWR_EnableBkUpAccess                 0x08003df9   Thumb Code    12  stm32f1xx_hal_pwr.o(.text.HAL_PWR_EnableBkUpAccess)
    HAL_RCCEx_GetPeriphCLKFreq               0x08003e05   Thumb Code   272  stm32f1xx_hal_rcc_ex.o(.text.HAL_RCCEx_GetPeriphCLKFreq)
    HAL_RCCEx_PeriphCLKConfig                0x08003f15   Thumb Code   270  stm32f1xx_hal_rcc_ex.o(.text.HAL_RCCEx_PeriphCLKConfig)
    HAL_RCC_ClockConfig                      0x08004025   Thumb Code   366  stm32f1xx_hal_rcc.o(.text.HAL_RCC_ClockConfig)
    HAL_RCC_GetHCLKFreq                      0x08004195   Thumb Code    12  stm32f1xx_hal_rcc.o(.text.HAL_RCC_GetHCLKFreq)
    HAL_RCC_GetPCLK1Freq                     0x080041a1   Thumb Code    34  stm32f1xx_hal_rcc.o(.text.HAL_RCC_GetPCLK1Freq)
    HAL_RCC_GetPCLK2Freq                     0x080041c5   Thumb Code    34  stm32f1xx_hal_rcc.o(.text.HAL_RCC_GetPCLK2Freq)
    HAL_RCC_GetSysClockFreq                  0x080041e9   Thumb Code    96  stm32f1xx_hal_rcc.o(.text.HAL_RCC_GetSysClockFreq)
    HAL_RCC_OscConfig                        0x08004249   Thumb Code   788  stm32f1xx_hal_rcc.o(.text.HAL_RCC_OscConfig)
    HAL_RTC_Init                             0x0800455d   Thumb Code   164  stm32f1xx_hal_rtc.o(.text.HAL_RTC_Init)
    HAL_RTC_MspInit                          0x08004601   Thumb Code    68  stm32f1xx_hal_msp.o(.text.HAL_RTC_MspInit)
    HAL_RTC_WaitForSynchro                   0x08004645   Thumb Code    56  stm32f1xx_hal_rtc.o(.text.HAL_RTC_WaitForSynchro)
    HAL_SD_ConfigWideBusOperation            0x0800467d   Thumb Code   152  stm32f1xx_hal_sd.o(.text.HAL_SD_ConfigWideBusOperation)
    HAL_SD_GetCardCSD                        0x08004715   Thumb Code   376  stm32f1xx_hal_sd.o(.text.HAL_SD_GetCardCSD)
    HAL_SD_Init                              0x0800488d   Thumb Code    62  stm32f1xx_hal_sd.o(.text.HAL_SD_Init)
    HAL_SD_InitCard                          0x080048cd   Thumb Code   140  stm32f1xx_hal_sd.o(.text.HAL_SD_InitCard)
    HAL_SD_MspInit                           0x08004959   Thumb Code   152  stm32f1xx_hal_msp.o(.text.HAL_SD_MspInit)
    HAL_SPI_Init                             0x080049f1   Thumb Code   172  stm32f1xx_hal_spi.o(.text.HAL_SPI_Init)
    HAL_SPI_MspInit                          0x08004a9d   Thumb Code   126  stm32f1xx_hal_msp.o(.text.HAL_SPI_MspInit)
    HAL_SYSTICK_Config                       0x08004b1d   Thumb Code     8  stm32f1xx_hal_cortex.o(.text.HAL_SYSTICK_Config)
    HAL_UART_Init                            0x08004b25   Thumb Code    94  stm32f1xx_hal_uart.o(.text.HAL_UART_Init)
    HAL_UART_MspInit                         0x08004b85   Thumb Code   208  stm32f1xx_hal_msp.o(.text.HAL_UART_MspInit)
    HardFault_Handler                        0x08004c55   Thumb Code     2  stm32f1xx_it.o(.text.HardFault_Handler)
    MemManage_Handler                        0x08004ec1   Thumb Code     2  stm32f1xx_it.o(.text.MemManage_Handler)
    NMI_Handler                              0x08004ec5   Thumb Code     2  stm32f1xx_it.o(.text.NMI_Handler)
    PendSV_Handler                           0x08004f01   Thumb Code    68  port.o(.text.PendSV_Handler)
    SDIO_ConfigData                          0x08004fd1   Thumb Code    38  stm32f1xx_ll_sdmmc.o(.text.SDIO_ConfigData)
    SDIO_GetCommandResponse                  0x08004ff9   Thumb Code     6  stm32f1xx_ll_sdmmc.o(.text.SDIO_GetCommandResponse)
    SDIO_GetPowerState                       0x08005001   Thumb Code     8  stm32f1xx_ll_sdmmc.o(.text.SDIO_GetPowerState)
    SDIO_GetResponse                         0x08005009   Thumb Code     6  stm32f1xx_ll_sdmmc.o(.text.SDIO_GetResponse)
    SDIO_Init                                0x08005011   Thumb Code    44  stm32f1xx_ll_sdmmc.o(.text.SDIO_Init)
    SDIO_PowerState_ON                       0x0800503d   Thumb Code    16  stm32f1xx_ll_sdmmc.o(.text.SDIO_PowerState_ON)
    SDIO_ReadFIFO                            0x0800504d   Thumb Code     6  stm32f1xx_ll_sdmmc.o(.text.SDIO_ReadFIFO)
    SDIO_SendCommand                         0x08005055   Thumb Code    42  stm32f1xx_ll_sdmmc.o(.text.SDIO_SendCommand)
    SDMMC_CmdAppCommand                      0x08005081   Thumb Code    50  stm32f1xx_ll_sdmmc.o(.text.SDMMC_CmdAppCommand)
    SDMMC_CmdAppOperCommand                  0x080050b5   Thumb Code    52  stm32f1xx_ll_sdmmc.o(.text.SDMMC_CmdAppOperCommand)
    SDMMC_CmdBlockLength                     0x080050e9   Thumb Code    50  stm32f1xx_ll_sdmmc.o(.text.SDMMC_CmdBlockLength)
    SDMMC_CmdBusWidth                        0x0800511d   Thumb Code    50  stm32f1xx_ll_sdmmc.o(.text.SDMMC_CmdBusWidth)
    SDMMC_CmdGoIdleState                     0x08005151   Thumb Code    40  stm32f1xx_ll_sdmmc.o(.text.SDMMC_CmdGoIdleState)
    SDMMC_CmdOperCond                        0x08005179   Thumb Code    48  stm32f1xx_ll_sdmmc.o(.text.SDMMC_CmdOperCond)
    SDMMC_CmdSelDesel                        0x080051a9   Thumb Code    50  stm32f1xx_ll_sdmmc.o(.text.SDMMC_CmdSelDesel)
    SDMMC_CmdSendCID                         0x080051dd   Thumb Code    44  stm32f1xx_ll_sdmmc.o(.text.SDMMC_CmdSendCID)
    SDMMC_CmdSendCSD                         0x08005209   Thumb Code    44  stm32f1xx_ll_sdmmc.o(.text.SDMMC_CmdSendCSD)
    SDMMC_CmdSendSCR                         0x08005235   Thumb Code    50  stm32f1xx_ll_sdmmc.o(.text.SDMMC_CmdSendSCR)
    SDMMC_CmdSetRelAdd                       0x08005269   Thumb Code    48  stm32f1xx_ll_sdmmc.o(.text.SDMMC_CmdSetRelAdd)
    SVC_Handler                              0x080058e1   Thumb Code    36  port.o(.text.SVC_Handler)
    SysTick_Handler                          0x08005935   Thumb Code    20  stm32f1xx_it.o(.text.SysTick_Handler)
    SystemClock_Config                       0x08005949   Thumb Code   124  main.o(.text.SystemClock_Config)
    SystemInit                               0x080059c5   Thumb Code    20  system_stm32f1xx.o(.text.SystemInit)
    USART2_IRQHandler                        0x08005a69   Thumb Code    24  interrupt.o(.text.USART2_IRQHandler)
    USB_CoreInit                             0x08005a81   Thumb Code     4  stm32f1xx_ll_usb.o(.text.USB_CoreInit)
    USB_DevDisconnect                        0x08005a85   Thumb Code     4  stm32f1xx_ll_usb.o(.text.USB_DevDisconnect)
    USB_DevInit                              0x08005a89   Thumb Code    26  stm32f1xx_ll_usb.o(.text.USB_DevInit)
    USB_DisableGlobalInt                     0x08005aa5   Thumb Code    20  stm32f1xx_ll_usb.o(.text.USB_DisableGlobalInt)
    USB_SetCurrentMode                       0x08005ab9   Thumb Code     4  stm32f1xx_ll_usb.o(.text.USB_SetCurrentMode)
    UsageFault_Handler                       0x08005abd   Thumb Code     2  stm32f1xx_it.o(.text.UsageFault_Handler)
    de_queue                                 0x08005b35   Thumb Code    80  circular_queue.o(.text.de_queue)
    debug_init                               0x08005b85   Thumb Code    52  print.o(.text.debug_init)
    get_remain_num                           0x08005bb9   Thumb Code    60  circular_queue.o(.text.get_remain_num)
    init_queue                               0x08005bf5   Thumb Code    30  circular_queue.o(.text.init_queue)
    iwdg_refresh                             0x08005c15   Thumb Code    16  bsp_layer.o(.text.iwdg_refresh)
    main                                     0x08005c25   Thumb Code   176  main_1.o(.text.main)
    mcu_init                                 0x08005cd5   Thumb Code    48  main.o(.text.mcu_init)
    nvic_init                                0x08005d05   Thumb Code    36  bsp_layer.o(.text.nvic_init)
    print                                    0x08005d29   Thumb Code   206  print.o(.text.print)
    print_array                              0x08005df9   Thumb Code   172  print.o(.text.print_array)
    print_error                              0x08005ea5   Thumb Code   128  print.o(.text.print_error)
    queue_input_bytes                        0x0800600d   Thumb Code   172  circular_queue.o(.text.queue_input_bytes)
    uart_send_bytes                          0x080060b9   Thumb Code   138  print.o(.text.uart_send_bytes)
    uart_send_irq                            0x08006145   Thumb Code    70  print.o(.text.uart_send_irq)
    uxListRemove                             0x0800618d   Thumb Code    40  list.o(.text.uxListRemove)
    vApplicationStackOverflowHook            0x080061b5   Thumb Code    40  main_1.o(.text.vApplicationStackOverflowHook)
    vListInsert                              0x080061dd   Thumb Code    58  list.o(.text.vListInsert)
    vPortEnterCritical                       0x08006219   Thumb Code    78  port.o(.text.vPortEnterCritical)
    vPortExitCritical                        0x08006269   Thumb Code    56  port.o(.text.vPortExitCritical)
    vTaskDelay                               0x080062a1   Thumb Code    88  tasks.o(.text.vTaskDelay)
    vTaskSuspendAll                          0x080062f9   Thumb Code    16  tasks.o(.text.vTaskSuspendAll)
    vTaskSwitchContext                       0x08006309   Thumb Code   186  tasks.o(.text.vTaskSwitchContext)
    xPortSysTickHandler                      0x080063c5   Thumb Code    46  port.o(.text.xPortSysTickHandler)
    xTaskGetSchedulerState                   0x080063f5   Thumb Code    38  tasks.o(.text.xTaskGetSchedulerState)
    xTaskIncrementTick                       0x0800641d   Thumb Code   434  tasks.o(.text.xTaskIncrementTick)
    xTaskResumeAll                           0x080065d1   Thumb Code   372  tasks.o(.text.xTaskResumeAll)
    __0printf                                0x08006745   Thumb Code    22  printfa.o(i.__0printf)
    __1printf                                0x08006745   Thumb Code     0  printfa.o(i.__0printf)
    __2printf                                0x08006745   Thumb Code     0  printfa.o(i.__0printf)
    __c89printf                              0x08006745   Thumb Code     0  printfa.o(i.__0printf)
    printf                                   0x08006745   Thumb Code     0  printfa.o(i.__0printf)
    __0sprintf                               0x08006765   Thumb Code    34  printfa.o(i.__0sprintf)
    __1sprintf                               0x08006765   Thumb Code     0  printfa.o(i.__0sprintf)
    __2sprintf                               0x08006765   Thumb Code     0  printfa.o(i.__0sprintf)
    __c89sprintf                             0x08006765   Thumb Code     0  printfa.o(i.__0sprintf)
    sprintf                                  0x08006765   Thumb Code     0  printfa.o(i.__0sprintf)
    __0vsnprintf                             0x0800678d   Thumb Code    46  printfa.o(i.__0vsnprintf)
    __1vsnprintf                             0x0800678d   Thumb Code     0  printfa.o(i.__0vsnprintf)
    __2vsnprintf                             0x0800678d   Thumb Code     0  printfa.o(i.__0vsnprintf)
    __c89vsnprintf                           0x0800678d   Thumb Code     0  printfa.o(i.__0vsnprintf)
    vsnprintf                                0x0800678d   Thumb Code     0  printfa.o(i.__0vsnprintf)
    __scatterload_copy                       0x080067c1   Thumb Code    14  handlers.o(i.__scatterload_copy)
    __scatterload_null                       0x080067cf   Thumb Code     2  handlers.o(i.__scatterload_null)
    __scatterload_zeroinit                   0x080067d1   Thumb Code    14  handlers.o(i.__scatterload_zeroinit)
    fputc                                    0x080070b3   Thumb Code    18  fputc.o(i.fputc)
    AHBPrescTable                            0x080070c4   Data          16  system_stm32f1xx.o(.rodata.AHBPrescTable)
    APBPrescTable                            0x080070d4   Data           8  system_stm32f1xx.o(.rodata.APBPrescTable)
    Region$$Table$$Base                      0x0800713c   Number         0  anon$$obj.o(Region$$Table)
    Region$$Table$$Limit                     0x0800715c   Number         0  anon$$obj.o(Region$$Table)
    __stdout                                 0x20000000   Data           4  stdout.o(.data)
    SystemCoreClock                          0x20000004   Data           4  system_stm32f1xx.o(.data.SystemCoreClock)
    sModuleMask                              0x20000008   Data           4  print.o(.data.sModuleMask)
    uwTickFreq                               0x2000000c   Data           1  stm32f1xx_hal.o(.data.uwTickFreq)
    uwTickPrio                               0x20000010   Data           4  stm32f1xx_hal.o(.data.uwTickPrio)
    hi2c1                                    0x20000018   Data          84  main.o(.bss.hi2c1)
    hiwdg                                    0x2000006c   Data          12  main.o(.bss.hiwdg)
    hpcd_USB_FS                              0x20000078   Data         748  main.o(.bss.hpcd_USB_FS)
    hrtc                                     0x20000364   Data          20  main.o(.bss.hrtc)
    hsd                                      0x20000378   Data         132  main.o(.bss.hsd)
    hspi2                                    0x200003fc   Data          88  main.o(.bss.hspi2)
    huart1                                   0x20000454   Data          68  main.o(.bss.huart1)
    huart2                                   0x20000498   Data          68  main.o(.bss.huart2)
    pxCurrentTCB                             0x200004dc   Data           4  tasks.o(.bss.pxCurrentTCB)
    sBuff                                    0x20000768   Data         201  print.o(.bss.sBuff)
    sPrintLevel                              0x20000831   Data           1  print.o(.bss.sPrintLevel)
    sUartQueue                               0x20000834   Data          16  print.o(.bss.sUartQueue)
    sUartState                               0x20000844   Data           1  print.o(.bss.sUartState)
    test                                     0x20000848   Data          16  main_1.o(.bss.test)
    testBuff                                 0x20000858   Data         101  main_1.o(.bss.testBuff)
    uwTick                                   0x200008c0   Data           4  stm32f1xx_hal.o(.bss.uwTick)
    __initial_sp                             0x20001110   Data           0  startup_stm32f103xe.o(STACK)



==============================================================================

Memory Map of the image

  Image Entry point : 0x08003131

  Load Region LR_IROM1 (Base: 0x08003000, Size: 0x00004178, Max: 0x00080000, ABSOLUTE)

    Execution Region ER_IROM1 (Exec base: 0x08003000, Load base: 0x08003000, Size: 0x0000415c, Max: 0x00080000, ABSOLUTE)

    Exec Addr    Load Addr    Size         Type   Attr      Idx    E Section Name        Object

    0x08003000   0x08003000   0x00000130   Data   RO         1375    RESET               startup_stm32f103xe.o
    0x08003130   0x08003130   0x00000000   Code   RO         2001  * .ARM.Collect$$$$00000000  mc_w.l(entry.o)
    0x08003130   0x08003130   0x00000004   Code   RO         2285    .ARM.Collect$$$$00000001  mc_w.l(entry2.o)
    0x08003134   0x08003134   0x00000004   Code   RO         2288    .ARM.Collect$$$$00000004  mc_w.l(entry5.o)
    0x08003138   0x08003138   0x00000000   Code   RO         2290    .ARM.Collect$$$$00000008  mc_w.l(entry7b.o)
    0x08003138   0x08003138   0x00000000   Code   RO         2292    .ARM.Collect$$$$0000000A  mc_w.l(entry8b.o)
    0x08003138   0x08003138   0x00000008   Code   RO         2293    .ARM.Collect$$$$0000000B  mc_w.l(entry9a.o)
    0x08003140   0x08003140   0x00000000   Code   RO         2295    .ARM.Collect$$$$0000000D  mc_w.l(entry10a.o)
    0x08003140   0x08003140   0x00000000   Code   RO         2297    .ARM.Collect$$$$0000000F  mc_w.l(entry11a.o)
    0x08003140   0x08003140   0x00000004   Code   RO         2286    .ARM.Collect$$$$00002712  mc_w.l(entry2.o)
    0x08003144   0x08003144   0x00000024   Code   RO         1376    .text               startup_stm32f103xe.o
    0x08003168   0x08003168   0x00000024   Code   RO         2008    .text               mc_w.l(memcpya.o)
    0x0800318c   0x0800318c   0x00000024   Code   RO         2010    .text               mc_w.l(memseta.o)
    0x080031b0   0x080031b0   0x0000000e   Code   RO         2014    .text               mc_w.l(strlen.o)
    0x080031be   0x080031be   0x0000001c   Code   RO         2016    .text               mc_w.l(strcmp.o)
    0x080031da   0x080031da   0x00000012   Code   RO         2018    .text               mc_w.l(strcpy.o)
    0x080031ec   0x080031ec   0x0000002c   Code   RO         2304    .text               mc_w.l(uidiv.o)
    0x08003218   0x08003218   0x00000062   Code   RO         2306    .text               mc_w.l(uldiv.o)
    0x0800327a   0x0800327a   0x00000000   Code   RO         2308    .text               mc_w.l(iusefp.o)
    0x0800327a   0x0800327a   0x0000014e   Code   RO         2309    .text               mf_w.l(dadd.o)
    0x080033c8   0x080033c8   0x000000e4   Code   RO         2311    .text               mf_w.l(dmul.o)
    0x080034ac   0x080034ac   0x000000de   Code   RO         2313    .text               mf_w.l(ddiv.o)
    0x0800358a   0x0800358a   0x00000030   Code   RO         2315    .text               mf_w.l(dfixul.o)
    0x080035ba   0x080035ba   0x00000002   PAD
    0x080035bc   0x080035bc   0x00000030   Code   RO         2317    .text               mf_w.l(cdrcmple.o)
    0x080035ec   0x080035ec   0x00000024   Code   RO         2319    .text               mc_w.l(init.o)
    0x08003610   0x08003610   0x00000000   Code   RO         2321    .text               mc_w.l(semi.o)
    0x08003610   0x08003610   0x0000001e   Code   RO         2322    .text               mc_w.l(llshl.o)
    0x0800362e   0x0800362e   0x00000020   Code   RO         2324    .text               mc_w.l(llushr.o)
    0x0800364e   0x0800364e   0x00000024   Code   RO         2326    .text               mc_w.l(llsshr.o)
    0x08003672   0x08003672   0x00000000   Code   RO         2328    .text               mc_w.l(iusesemip.o)
    0x08003672   0x08003672   0x000000ba   Code   RO         2329    .text               mf_w.l(depilogue.o)
    0x0800372c   0x0800372c   0x00000002   Code   RO           47    .text.BusFault_Handler  stm32f1xx_it.o
    0x0800372e   0x0800372e   0x00000002   PAD
    0x08003730   0x08003730   0x00000002   Code   RO           51    .text.DebugMon_Handler  stm32f1xx_it.o
    0x08003732   0x08003732   0x00000002   PAD
    0x08003734   0x08003734   0x00000028   Code   RO          300    .text.HAL_Delay     stm32f1xx_hal.o
    0x0800375c   0x0800375c   0x000001e8   Code   RO          393    .text.HAL_GPIO_Init  stm32f1xx_hal_gpio.o
    0x08003944   0x08003944   0x00000010   Code   RO          401    .text.HAL_GPIO_TogglePin  stm32f1xx_hal_gpio.o
    0x08003954   0x08003954   0x0000000a   Code   RO          399    .text.HAL_GPIO_WritePin  stm32f1xx_hal_gpio.o
    0x0800395e   0x0800395e   0x00000002   PAD
    0x08003960   0x08003960   0x0000000c   Code   RO          292    .text.HAL_GetTick   stm32f1xx_hal.o
    0x0800396c   0x0800396c   0x0000018e   Code   RO          110    .text.HAL_I2C_Init  stm32f1xx_hal_i2c.o
    0x08003afa   0x08003afa   0x00000002   PAD
    0x08003afc   0x08003afc   0x00000068   Code   RO           64    .text.HAL_I2C_MspInit  stm32f1xx_hal_msp.o
    0x08003b64   0x08003b64   0x00000058   Code   RO          664    .text.HAL_IWDG_Init  stm32f1xx_hal_iwdg.o
    0x08003bbc   0x08003bbc   0x0000000c   Code   RO          666    .text.HAL_IWDG_Refresh  stm32f1xx_hal_iwdg.o
    0x08003bc8   0x08003bc8   0x0000001a   Code   RO          290    .text.HAL_IncTick   stm32f1xx_hal.o
    0x08003be2   0x08003be2   0x00000002   PAD
    0x08003be4   0x08003be4   0x00000026   Code   RO          280    .text.HAL_Init      stm32f1xx_hal.o
    0x08003c0a   0x08003c0a   0x00000002   PAD
    0x08003c0c   0x08003c0c   0x00000050   Code   RO          282    .text.HAL_InitTick  stm32f1xx_hal.o
    0x08003c5c   0x08003c5c   0x00000040   Code   RO           62    .text.HAL_MspInit   stm32f1xx_hal_msp.o
    0x08003c9c   0x08003c9c   0x00000008   Code   RO          463    .text.HAL_NVIC_EnableIRQ  stm32f1xx_hal_cortex.o
    0x08003ca4   0x08003ca4   0x0000001e   Code   RO          455    .text.HAL_NVIC_SetPriority  stm32f1xx_hal_cortex.o
    0x08003cc2   0x08003cc2   0x00000002   PAD
    0x08003cc4   0x08003cc4   0x00000008   Code   RO          451    .text.HAL_NVIC_SetPriorityGrouping  stm32f1xx_hal_cortex.o
    0x08003ccc   0x08003ccc   0x000000f6   Code   RO         1216    .text.HAL_PCD_Init  stm32f1xx_hal_pcd.o
    0x08003dc2   0x08003dc2   0x00000002   PAD
    0x08003dc4   0x08003dc4   0x00000032   Code   RO           84    .text.HAL_PCD_MspInit  stm32f1xx_hal_msp.o
    0x08003df6   0x08003df6   0x00000002   PAD
    0x08003df8   0x08003df8   0x0000000c   Code   RO          519    .text.HAL_PWR_EnableBkUpAccess  stm32f1xx_hal_pwr.o
    0x08003e04   0x08003e04   0x00000110   Code   RO          383    .text.HAL_RCCEx_GetPeriphCLKFreq  stm32f1xx_hal_rcc_ex.o
    0x08003f14   0x08003f14   0x0000010e   Code   RO          379    .text.HAL_RCCEx_PeriphCLKConfig  stm32f1xx_hal_rcc_ex.o
    0x08004022   0x08004022   0x00000002   PAD
    0x08004024   0x08004024   0x0000016e   Code   RO          347    .text.HAL_RCC_ClockConfig  stm32f1xx_hal_rcc.o
    0x08004192   0x08004192   0x00000002   PAD
    0x08004194   0x08004194   0x0000000c   Code   RO          357    .text.HAL_RCC_GetHCLKFreq  stm32f1xx_hal_rcc.o
    0x080041a0   0x080041a0   0x00000022   Code   RO          359    .text.HAL_RCC_GetPCLK1Freq  stm32f1xx_hal_rcc.o
    0x080041c2   0x080041c2   0x00000002   PAD
    0x080041c4   0x080041c4   0x00000022   Code   RO          361    .text.HAL_RCC_GetPCLK2Freq  stm32f1xx_hal_rcc.o
    0x080041e6   0x080041e6   0x00000002   PAD
    0x080041e8   0x080041e8   0x00000060   Code   RO          349    .text.HAL_RCC_GetSysClockFreq  stm32f1xx_hal_rcc.o
    0x08004248   0x08004248   0x00000314   Code   RO          343    .text.HAL_RCC_OscConfig  stm32f1xx_hal_rcc.o
    0x0800455c   0x0800455c   0x000000a4   Code   RO          676    .text.HAL_RTC_Init  stm32f1xx_hal_rtc.o
    0x08004600   0x08004600   0x00000044   Code   RO           68    .text.HAL_RTC_MspInit  stm32f1xx_hal_msp.o
    0x08004644   0x08004644   0x00000038   Code   RO          680    .text.HAL_RTC_WaitForSynchro  stm32f1xx_hal_rtc.o
    0x0800467c   0x0800467c   0x00000098   Code   RO          942    .text.HAL_SD_ConfigWideBusOperation  stm32f1xx_hal_sd.o
    0x08004714   0x08004714   0x00000178   Code   RO          934    .text.HAL_SD_GetCardCSD  stm32f1xx_hal_sd.o
    0x0800488c   0x0800488c   0x0000003e   Code   RO          874    .text.HAL_SD_Init   stm32f1xx_hal_sd.o
    0x080048ca   0x080048ca   0x00000002   PAD
    0x080048cc   0x080048cc   0x0000008c   Code   RO          878    .text.HAL_SD_InitCard  stm32f1xx_hal_sd.o
    0x08004958   0x08004958   0x00000098   Code   RO           72    .text.HAL_SD_MspInit  stm32f1xx_hal_msp.o
    0x080049f0   0x080049f0   0x000000ac   Code   RO          966    .text.HAL_SPI_Init  stm32f1xx_hal_spi.o
    0x08004a9c   0x08004a9c   0x0000007e   Code   RO           76    .text.HAL_SPI_MspInit  stm32f1xx_hal_msp.o
    0x08004b1a   0x08004b1a   0x00000002   PAD
    0x08004b1c   0x08004b1c   0x00000008   Code   RO          475    .text.HAL_SYSTICK_Config  stm32f1xx_hal_cortex.o
    0x08004b24   0x08004b24   0x0000005e   Code   RO         1086    .text.HAL_UART_Init  stm32f1xx_hal_uart.o
    0x08004b82   0x08004b82   0x00000002   PAD
    0x08004b84   0x08004b84   0x000000d0   Code   RO           80    .text.HAL_UART_MspInit  stm32f1xx_hal_msp.o
    0x08004c54   0x08004c54   0x00000002   Code   RO           43    .text.HardFault_Handler  stm32f1xx_it.o
    0x08004c56   0x08004c56   0x00000002   PAD
    0x08004c58   0x08004c58   0x000000ec   Code   RO            6    .text.MX_GPIO_Init  main.o
    0x08004d44   0x08004d44   0x00000036   Code   RO            8    .text.MX_I2C1_Init  main.o
    0x08004d7a   0x08004d7a   0x00000002   PAD
    0x08004d7c   0x08004d7c   0x00000022   Code   RO           10    .text.MX_IWDG_Init  main.o
    0x08004d9e   0x08004d9e   0x00000002   PAD
    0x08004da0   0x08004da0   0x00000024   Code   RO           22    .text.MX_RTC_Init   main.o
    0x08004dc4   0x08004dc4   0x00000034   Code   RO           12    .text.MX_SDIO_SD_Init  main.o
    0x08004df8   0x08004df8   0x00000040   Code   RO           14    .text.MX_SPI2_Init  main.o
    0x08004e38   0x08004e38   0x00000030   Code   RO           16    .text.MX_USART1_UART_Init  main.o
    0x08004e68   0x08004e68   0x00000030   Code   RO           18    .text.MX_USART2_UART_Init  main.o
    0x08004e98   0x08004e98   0x00000028   Code   RO           20    .text.MX_USB_PCD_Init  main.o
    0x08004ec0   0x08004ec0   0x00000002   Code   RO           45    .text.MemManage_Handler  stm32f1xx_it.o
    0x08004ec2   0x08004ec2   0x00000002   PAD
    0x08004ec4   0x08004ec4   0x00000002   Code   RO           41    .text.NMI_Handler   stm32f1xx_it.o
    0x08004ec6   0x08004ec6   0x00000002   PAD
    0x08004ec8   0x08004ec8   0x0000002c   Code   RO          461    .text.NVIC_EncodePriority  stm32f1xx_hal_cortex.o
    0x08004ef4   0x08004ef4   0x0000000c   PAD
    0x08004f00   0x08004f00   0x00000044   Code   RO         1849    .text.PendSV_Handler  port.o
    0x08004f44   0x08004f44   0x0000002c   Code   RO          345    .text.RCC_Delay     stm32f1xx_hal_rcc.o
    0x08004f70   0x08004f70   0x00000030   Code   RO          682    .text.RTC_EnterInitMode  stm32f1xx_hal_rtc.o
    0x08004fa0   0x08004fa0   0x00000030   Code   RO          684    .text.RTC_ExitInitMode  stm32f1xx_hal_rtc.o
    0x08004fd0   0x08004fd0   0x00000026   Code   RO          794    .text.SDIO_ConfigData  stm32f1xx_ll_sdmmc.o
    0x08004ff6   0x08004ff6   0x00000002   PAD
    0x08004ff8   0x08004ff8   0x00000006   Code   RO          790    .text.SDIO_GetCommandResponse  stm32f1xx_ll_sdmmc.o
    0x08004ffe   0x08004ffe   0x00000002   PAD
    0x08005000   0x08005000   0x00000008   Code   RO          786    .text.SDIO_GetPowerState  stm32f1xx_ll_sdmmc.o
    0x08005008   0x08005008   0x00000006   Code   RO          792    .text.SDIO_GetResponse  stm32f1xx_ll_sdmmc.o
    0x0800500e   0x0800500e   0x00000002   PAD
    0x08005010   0x08005010   0x0000002c   Code   RO          776    .text.SDIO_Init     stm32f1xx_ll_sdmmc.o
    0x0800503c   0x0800503c   0x00000010   Code   RO          782    .text.SDIO_PowerState_ON  stm32f1xx_ll_sdmmc.o
    0x0800504c   0x0800504c   0x00000006   Code   RO          778    .text.SDIO_ReadFIFO  stm32f1xx_ll_sdmmc.o
    0x08005052   0x08005052   0x00000002   PAD
    0x08005054   0x08005054   0x0000002a   Code   RO          788    .text.SDIO_SendCommand  stm32f1xx_ll_sdmmc.o
    0x0800507e   0x0800507e   0x00000002   PAD
    0x08005080   0x08005080   0x00000032   Code   RO          836    .text.SDMMC_CmdAppCommand  stm32f1xx_ll_sdmmc.o
    0x080050b2   0x080050b2   0x00000002   PAD
    0x080050b4   0x080050b4   0x00000034   Code   RO          838    .text.SDMMC_CmdAppOperCommand  stm32f1xx_ll_sdmmc.o
    0x080050e8   0x080050e8   0x00000032   Code   RO          802    .text.SDMMC_CmdBlockLength  stm32f1xx_ll_sdmmc.o
    0x0800511a   0x0800511a   0x00000002   PAD
    0x0800511c   0x0800511c   0x00000032   Code   RO          842    .text.SDMMC_CmdBusWidth  stm32f1xx_ll_sdmmc.o
    0x0800514e   0x0800514e   0x00000002   PAD
    0x08005150   0x08005150   0x00000028   Code   RO          828    .text.SDMMC_CmdGoIdleState  stm32f1xx_ll_sdmmc.o
    0x08005178   0x08005178   0x00000030   Code   RO          832    .text.SDMMC_CmdOperCond  stm32f1xx_ll_sdmmc.o
    0x080051a8   0x080051a8   0x00000032   Code   RO          826    .text.SDMMC_CmdSelDesel  stm32f1xx_ll_sdmmc.o
    0x080051da   0x080051da   0x00000002   PAD
    0x080051dc   0x080051dc   0x0000002c   Code   RO          846    .text.SDMMC_CmdSendCID  stm32f1xx_ll_sdmmc.o
    0x08005208   0x08005208   0x0000002c   Code   RO          850    .text.SDMMC_CmdSendCSD  stm32f1xx_ll_sdmmc.o
    0x08005234   0x08005234   0x00000032   Code   RO          844    .text.SDMMC_CmdSendSCR  stm32f1xx_ll_sdmmc.o
    0x08005266   0x08005266   0x00000002   PAD
    0x08005268   0x08005268   0x00000030   Code   RO          852    .text.SDMMC_CmdSetRelAdd  stm32f1xx_ll_sdmmc.o
    0x08005298   0x08005298   0x00000038   Code   RO          830    .text.SDMMC_GetCmdError  stm32f1xx_ll_sdmmc.o
    0x080052d0   0x080052d0   0x00000132   Code   RO          804    .text.SDMMC_GetCmdResp1  stm32f1xx_ll_sdmmc.o
    0x08005402   0x08005402   0x00000002   PAD
    0x08005404   0x08005404   0x00000058   Code   RO          848    .text.SDMMC_GetCmdResp2  stm32f1xx_ll_sdmmc.o
    0x0800545c   0x0800545c   0x0000004a   Code   RO          840    .text.SDMMC_GetCmdResp3  stm32f1xx_ll_sdmmc.o
    0x080054a6   0x080054a6   0x00000002   PAD
    0x080054a8   0x080054a8   0x00000098   Code   RO          854    .text.SDMMC_GetCmdResp6  stm32f1xx_ll_sdmmc.o
    0x08005540   0x08005540   0x00000062   Code   RO          834    .text.SDMMC_GetCmdResp7  stm32f1xx_ll_sdmmc.o
    0x080055a2   0x080055a2   0x00000002   PAD
    0x080055a4   0x080055a4   0x000000d6   Code   RO          956    .text.SD_FindSCR    stm32f1xx_hal_sd.o
    0x0800567a   0x0800567a   0x00000002   PAD
    0x0800567c   0x0800567c   0x000000fc   Code   RO          882    .text.SD_InitCard   stm32f1xx_hal_sd.o
    0x08005778   0x08005778   0x000000b0   Code   RO          880    .text.SD_PowerON    stm32f1xx_hal_sd.o
    0x08005828   0x08005828   0x00000058   Code   RO          946    .text.SD_WideBus_Disable  stm32f1xx_hal_sd.o
    0x08005880   0x08005880   0x00000058   Code   RO          944    .text.SD_WideBus_Enable  stm32f1xx_hal_sd.o
    0x080058d8   0x080058d8   0x00000008   PAD
    0x080058e0   0x080058e0   0x00000024   Code   RO         1835    .text.SVC_Handler   port.o
    0x08005904   0x08005904   0x0000002e   Code   RO          477    .text.SysTick_Config  stm32f1xx_hal_cortex.o
    0x08005932   0x08005932   0x00000002   PAD
    0x08005934   0x08005934   0x00000014   Code   RO           53    .text.SysTick_Handler  stm32f1xx_it.o
    0x08005948   0x08005948   0x0000007c   Code   RO            4    .text.SystemClock_Config  main.o
    0x080059c4   0x080059c4   0x00000014   Code   RO         1383    .text.SystemInit    system_stm32f1xx.o
    0x080059d8   0x080059d8   0x0000008e   Code   RO         1090    .text.UART_SetConfig  stm32f1xx_hal_uart.o
    0x08005a66   0x08005a66   0x00000002   PAD
    0x08005a68   0x08005a68   0x00000018   Code   RO         1430    .text.USART2_IRQHandler  interrupt.o
    0x08005a80   0x08005a80   0x00000004   Code   RO         1312    .text.USB_CoreInit  stm32f1xx_ll_usb.o
    0x08005a84   0x08005a84   0x00000004   Code   RO         1344    .text.USB_DevDisconnect  stm32f1xx_ll_usb.o
    0x08005a88   0x08005a88   0x0000001a   Code   RO         1320    .text.USB_DevInit   stm32f1xx_ll_usb.o
    0x08005aa2   0x08005aa2   0x00000002   PAD
    0x08005aa4   0x08005aa4   0x00000014   Code   RO         1316    .text.USB_DisableGlobalInt  stm32f1xx_ll_usb.o
    0x08005ab8   0x08005ab8   0x00000004   Code   RO         1318    .text.USB_SetCurrentMode  stm32f1xx_ll_usb.o
    0x08005abc   0x08005abc   0x00000002   Code   RO           49    .text.UsageFault_Handler  stm32f1xx_it.o
    0x08005abe   0x08005abe   0x00000002   PAD
    0x08005ac0   0x08005ac0   0x00000020   Code   RO          465    .text.__NVIC_EnableIRQ  stm32f1xx_hal_cortex.o
    0x08005ae0   0x08005ae0   0x00000010   Code   RO          457    .text.__NVIC_GetPriorityGrouping  stm32f1xx_hal_cortex.o
    0x08005af0   0x08005af0   0x00000022   Code   RO          459    .text.__NVIC_SetPriority  stm32f1xx_hal_cortex.o
    0x08005b12   0x08005b12   0x00000002   PAD
    0x08005b14   0x08005b14   0x00000020   Code   RO          453    .text.__NVIC_SetPriorityGrouping  stm32f1xx_hal_cortex.o
    0x08005b34   0x08005b34   0x00000050   Code   RO         1905    .text.de_queue      circular_queue.o
    0x08005b84   0x08005b84   0x00000034   Code   RO         1924    .text.debug_init    print.o
    0x08005bb8   0x08005bb8   0x0000003c   Code   RO         1901    .text.get_remain_num  circular_queue.o
    0x08005bf4   0x08005bf4   0x0000001e   Code   RO         1897    .text.init_queue    circular_queue.o
    0x08005c12   0x08005c12   0x00000002   PAD
    0x08005c14   0x08005c14   0x00000010   Code   RO         1416    .text.iwdg_refresh  bsp_layer.o
    0x08005c24   0x08005c24   0x000000b0   Code   RO         1398    .text.main          main_1.o
    0x08005cd4   0x08005cd4   0x00000030   Code   RO            2    .text.mcu_init      main.o
    0x08005d04   0x08005d04   0x00000024   Code   RO         1414    .text.nvic_init     bsp_layer.o
    0x08005d28   0x08005d28   0x000000ce   Code   RO         1928    .text.print         print.o
    0x08005df6   0x08005df6   0x00000002   PAD
    0x08005df8   0x08005df8   0x000000ac   Code   RO         1932    .text.print_array   print.o
    0x08005ea4   0x08005ea4   0x00000080   Code   RO         1934    .text.print_error   print.o
    0x08005f24   0x08005f24   0x000000be   Code   RO         1640    .text.prvAddCurrentTaskToDelayedList  tasks.o
    0x08005fe2   0x08005fe2   0x00000002   PAD
    0x08005fe4   0x08005fe4   0x00000026   Code   RO         1632    .text.prvResetNextTaskUnblockTime  tasks.o
    0x0800600a   0x0800600a   0x00000002   PAD
    0x0800600c   0x0800600c   0x000000ac   Code   RO         1907    .text.queue_input_bytes  circular_queue.o
    0x080060b8   0x080060b8   0x0000008a   Code   RO         1930    .text.uart_send_bytes  print.o
    0x08006142   0x08006142   0x00000002   PAD
    0x08006144   0x08006144   0x00000046   Code   RO         1942    .text.uart_send_irq  print.o
    0x0800618a   0x0800618a   0x00000002   PAD
    0x0800618c   0x0800618c   0x00000028   Code   RO         1477    .text.uxListRemove  list.o
    0x080061b4   0x080061b4   0x00000028   Code   RO         1400    .text.vApplicationStackOverflowHook  main_1.o
    0x080061dc   0x080061dc   0x0000003a   Code   RO         1475    .text.vListInsert   list.o
    0x08006216   0x08006216   0x00000002   PAD
    0x08006218   0x08006218   0x0000004e   Code   RO         1845    .text.vPortEnterCritical  port.o
    0x08006266   0x08006266   0x00000002   PAD
    0x08006268   0x08006268   0x00000038   Code   RO         1847    .text.vPortExitCritical  port.o
    0x080062a0   0x080062a0   0x00000058   Code   RO         1644    .text.vTaskDelay    tasks.o
    0x080062f8   0x080062f8   0x00000010   Code   RO         1638    .text.vTaskSuspendAll  tasks.o
    0x08006308   0x08006308   0x000000ba   Code   RO         1656    .text.vTaskSwitchContext  tasks.o
    0x080063c2   0x080063c2   0x00000002   PAD
    0x080063c4   0x080063c4   0x0000002e   Code   RO         1851    .text.xPortSysTickHandler  port.o
    0x080063f2   0x080063f2   0x00000002   PAD
    0x080063f4   0x080063f4   0x00000026   Code   RO         1708    .text.xTaskGetSchedulerState  tasks.o
    0x0800641a   0x0800641a   0x00000002   PAD
    0x0800641c   0x0800641c   0x000001b2   Code   RO         1670    .text.xTaskIncrementTick  tasks.o
    0x080065ce   0x080065ce   0x00000002   PAD
    0x080065d0   0x080065d0   0x00000174   Code   RO         1642    .text.xTaskResumeAll  tasks.o
    0x08006744   0x08006744   0x00000020   Code   RO         2257    i.__0printf         mc_w.l(printfa.o)
    0x08006764   0x08006764   0x00000028   Code   RO         2259    i.__0sprintf        mc_w.l(printfa.o)
    0x0800678c   0x0800678c   0x00000034   Code   RO         2262    i.__0vsnprintf      mc_w.l(printfa.o)
    0x080067c0   0x080067c0   0x0000000e   Code   RO         2333    i.__scatterload_copy  mc_w.l(handlers.o)
    0x080067ce   0x080067ce   0x00000002   Code   RO         2334    i.__scatterload_null  mc_w.l(handlers.o)
    0x080067d0   0x080067d0   0x0000000e   Code   RO         2335    i.__scatterload_zeroinit  mc_w.l(handlers.o)
    0x080067de   0x080067de   0x00000002   PAD
    0x080067e0   0x080067e0   0x00000184   Code   RO         2264    i._fp_digits        mc_w.l(printfa.o)
    0x08006964   0x08006964   0x000006dc   Code   RO         2265    i._printf_core      mc_w.l(printfa.o)
    0x08007040   0x08007040   0x00000024   Code   RO         2266    i._printf_post_padding  mc_w.l(printfa.o)
    0x08007064   0x08007064   0x0000002e   Code   RO         2267    i._printf_pre_padding  mc_w.l(printfa.o)
    0x08007092   0x08007092   0x00000016   Code   RO         2268    i._snputc           mc_w.l(printfa.o)
    0x080070a8   0x080070a8   0x0000000a   Code   RO         2269    i._sputc            mc_w.l(printfa.o)
    0x080070b2   0x080070b2   0x00000012   Code   RO         2299    i.fputc             mc_w.l(fputc.o)
    0x080070c4   0x080070c4   0x00000010   Data   RO         1388    .rodata.AHBPrescTable  system_stm32f1xx.o
    0x080070d4   0x080070d4   0x00000008   Data   RO         1389    .rodata.APBPrescTable  system_stm32f1xx.o
    0x080070dc   0x080070dc   0x00000022   Data   RO         1748    .rodata.str1.1      tasks.o
    0x080070fe   0x080070fe   0x0000001c   Data   RO         1857    .rodata.str1.1      port.o
    0x0800711a   0x0800711a   0x00000011   Data   RO         1915    .rodata.str1.1      circular_queue.o
    0x0800712b   0x0800712b   0x0000000f   Data   RO         1949    .rodata.str1.1      print.o
    0x0800713a   0x0800713a   0x00000002   PAD
    0x0800713c   0x0800713c   0x00000020   Data   RO         2332    Region$$Table       anon$$obj.o


    Execution Region RW_IRAM1 (Exec base: 0x20000000, Load base: 0x08007160, Size: 0x00001110, Max: 0x00010000, ABSOLUTE)

    Exec Addr    Load Addr    Size         Type   Attr      Idx    E Section Name        Object

    0x20000000   0x08007160   0x00000004   Data   RW         2303    .data               mc_w.l(stdout.o)
    0x20000004   0x08007164   0x00000004   Data   RW         1387    .data.SystemCoreClock  system_stm32f1xx.o
    0x20000008   0x08007168   0x00000004   Data   RW         1944    .data.sModuleMask   print.o
    0x2000000c   0x0800716c   0x00000001   Data   RW          331    .data.uwTickFreq    stm32f1xx_hal.o
    0x2000000d   0x0800716d   0x00000003   PAD
    0x20000010   0x08007170   0x00000004   Data   RW          330    .data.uwTickPrio    stm32f1xx_hal.o
    0x20000014   0x08007174   0x00000004   Data   RW         1858    .data.uxCriticalNesting  port.o
    0x20000018        -       0x00000054   Zero   RW           26    .bss.hi2c1          main.o
    0x2000006c        -       0x0000000c   Zero   RW           27    .bss.hiwdg          main.o
    0x20000078        -       0x000002ec   Zero   RW           33    .bss.hpcd_USB_FS    main.o
    0x20000364        -       0x00000014   Zero   RW           28    .bss.hrtc           main.o
    0x20000378        -       0x00000084   Zero   RW           29    .bss.hsd            main.o
    0x200003fc        -       0x00000058   Zero   RW           30    .bss.hspi2          main.o
    0x20000454        -       0x00000044   Zero   RW           31    .bss.huart1         main.o
    0x20000498        -       0x00000044   Zero   RW           32    .bss.huart2         main.o
    0x200004dc        -       0x00000004   Zero   RW         1738    .bss.pxCurrentTCB   tasks.o
    0x200004e0        -       0x00000004   Zero   RW         1750    .bss.pxDelayedTaskList  tasks.o
    0x200004e4        -       0x00000004   Zero   RW         1751    .bss.pxOverflowDelayedTaskList  tasks.o
    0x200004e8        -       0x00000280   Zero   RW         1740    .bss.pxReadyTasksLists  tasks.o
    0x20000768        -       0x000000c9   Zero   RW         1948    .bss.sBuff          print.o
    0x20000831        -       0x00000001   Zero   RW         1945    .bss.sPrintLevel    print.o
    0x20000832   0x08007178   0x00000002   PAD
    0x20000834        -       0x00000010   Zero   RW         1947    .bss.sUartQueue     print.o
    0x20000844        -       0x00000001   Zero   RW         1946    .bss.sUartState     print.o
    0x20000845   0x08007178   0x00000003   PAD
    0x20000848        -       0x00000010   Zero   RW         1402    .bss.test           main_1.o
    0x20000858        -       0x00000065   Zero   RW         1403    .bss.testBuff       main_1.o
    0x200008bd   0x08007178   0x00000003   PAD
    0x200008c0        -       0x00000004   Zero   RW          332    .bss.uwTick         stm32f1xx_hal.o
    0x200008c4        -       0x00000004   Zero   RW         1745    .bss.uxCurrentNumberOfTasks  tasks.o
    0x200008c8        -       0x00000004   Zero   RW         1747    .bss.uxSchedulerSuspended  tasks.o
    0x200008cc        -       0x00000004   Zero   RW         1741    .bss.uxTopReadyPriority  tasks.o
    0x200008d0        -       0x00000004   Zero   RW         1756    .bss.xNextTaskUnblockTime  tasks.o
    0x200008d4        -       0x00000004   Zero   RW         1758    .bss.xNumOfOverflows  tasks.o
    0x200008d8        -       0x00000004   Zero   RW         1757    .bss.xPendedTicks   tasks.o
    0x200008dc        -       0x00000014   Zero   RW         1754    .bss.xPendingReadyList  tasks.o
    0x200008f0        -       0x00000004   Zero   RW         1746    .bss.xSchedulerRunning  tasks.o
    0x200008f4        -       0x00000014   Zero   RW         1752    .bss.xSuspendedTaskList  tasks.o
    0x20000908        -       0x00000004   Zero   RW         1749    .bss.xTickCount     tasks.o
    0x2000090c        -       0x00000004   Zero   RW         1753    .bss.xYieldPending  tasks.o
    0x20000910        -       0x00000800   Zero   RW         1373    STACK               startup_stm32f103xe.o


==============================================================================

Image component sizes


      Code (inc. data)   RO Data    RW Data    ZI Data      Debug   Object Name

        52          0          0          0          0       2382   bsp_layer.o
       342          0         17          0          0       6797   circular_queue.o
        24          0          0          0          0        827   interrupt.o
        98          0          0          0          0       2051   list.o
       784          0          0          0       1220      12715   main.o
       216         72          0          0        117       1757   main_1.o
       284          8         28          4          0       3462   port.o
       766         68         15          4        219       4851   print.o
        36          8        304          0       2048        764   startup_stm32f103xe.o
       196          0          0          5          4       6055   stm32f1xx_hal.o
       258          0          0          0          0       8664   stm32f1xx_hal_cortex.o
       514         20          0          0          0       4479   stm32f1xx_hal_gpio.o
       398          0          0          0          0      39295   stm32f1xx_hal_i2c.o
       100          0          0          0          0       1605   stm32f1xx_hal_iwdg.o
       772          0          0          0          0      12735   stm32f1xx_hal_msp.o
       246          0          0          0          0      15125   stm32f1xx_hal_pcd.o
        12          0          0          0          0       4105   stm32f1xx_hal_pwr.o
      1374         20          0          0          0       6990   stm32f1xx_hal_rcc.o
       542         36          0          0          0       3627   stm32f1xx_hal_rcc_ex.o
       316          0          0          0          0      12908   stm32f1xx_hal_rtc.o
      1548          0          0          0          0      23412   stm32f1xx_hal_sd.o
       172          0          0          0          0      20678   stm32f1xx_hal_spi.o
       236          0          0          0          0      20032   stm32f1xx_hal_uart.o
        32          0          0          0          0        971   stm32f1xx_it.o
      1466          0          0          0          0      13993   stm32f1xx_ll_sdmmc.o
        58          0          0          0          0      15263   stm32f1xx_ll_usb.o
        20          0         24          4          0       2113   system_stm32f1xx.o
      1362          0         34          0        728      26579   tasks.o

    ----------------------------------------------------------------------
     12348        232        456         20       4344     274235   Object Totals
         0          0         32          0          0          0   (incl. Generated)
       124          0          2          3          8          0   (incl. Padding)

    ----------------------------------------------------------------------

      Code (inc. data)   RO Data    RW Data    ZI Data      Debug   Library Member Name

         0          0          0          0          0          0   entry.o
         0          0          0          0          0          0   entry10a.o
         0          0          0          0          0          0   entry11a.o
         8          4          0          0          0          0   entry2.o
         4          0          0          0          0          0   entry5.o
         0          0          0          0          0          0   entry7b.o
         0          0          0          0          0          0   entry8b.o
         8          4          0          0          0          0   entry9a.o
        18          0          0          0          0         80   fputc.o
        30          0          0          0          0          0   handlers.o
        36          8          0          0          0         68   init.o
         0          0          0          0          0          0   iusefp.o
         0          0          0          0          0          0   iusesemip.o
        30          0          0          0          0         68   llshl.o
        36          0          0          0          0         68   llsshr.o
        32          0          0          0          0         68   llushr.o
        36          0          0          0          0         68   memcpya.o
        36          0          0          0          0        108   memseta.o
      2382        102          0          0          0        752   printfa.o
         0          0          0          0          0          0   semi.o
         0          0          0          4          0          0   stdout.o
        28          0          0          0          0         76   strcmp.o
        18          0          0          0          0         68   strcpy.o
        14          0          0          0          0         68   strlen.o
        44          0          0          0          0         80   uidiv.o
        98          0          0          0          0         92   uldiv.o
        48          0          0          0          0         68   cdrcmple.o
       334          0          0          0          0        148   dadd.o
       222          0          0          0          0        100   ddiv.o
       186          0          0          0          0        176   depilogue.o
        48          0          0          0          0         68   dfixul.o
       228          0          0          0          0         96   dmul.o

    ----------------------------------------------------------------------
      3928        118          0          4          0       2320   Library Totals
         4          0          0          0          0          0   (incl. Padding)

    ----------------------------------------------------------------------

      Code (inc. data)   RO Data    RW Data    ZI Data      Debug   Library Name

      2858        118          0          4          0       1664   mc_w.l
      1066          0          0          0          0        656   mf_w.l

    ----------------------------------------------------------------------
      3928        118          0          4          0       2320   Library Totals

    ----------------------------------------------------------------------

==============================================================================


      Code (inc. data)   RO Data    RW Data    ZI Data      Debug   

     16276        350        456         24       4344     275043   Grand Totals
     16276        350        456         24       4344     275043   ELF Image Totals
     16276        350        456         24          0          0   ROM Totals

==============================================================================

    Total RO  Size (Code + RO Data)                16732 (  16.34kB)
    Total RW  Size (RW Data + ZI Data)              4368 (   4.27kB)
    Total ROM Size (Code + RO Data + RW Data)      16756 (  16.36kB)

==============================================================================

